<html>
<body>
<pre>
<h1>µVision Build Log</h1>
<h2>Tool Versions:</h2>
IDE-Version: •ÏVision V5.30.0.0
Copyright (C) 2020 ARM Ltd and ARM Germany GmbH. All rights reserved.
License Information: qrw wqerw, x, LIC=21EWF-64FSD-Y7XRW-QVZWQ-RR77F-SMXIR
 
Tool Versions:
Toolchain:       MDK-ARM Plus  Version: 5.30.0.0
Toolchain Path:  C:\Keil_v5\ARM\ARMCLANG\Bin
C Compiler:      ArmClang.exe V6.14
Assembler:       Armasm.exe V6.14
Linker/Locator:  ArmLink.exe V6.14
Library Manager: ArmAr.exe V6.14
Hex Converter:   FromElf.exe V6.14
CPU DLL:         SARMCM3.DLL V5.30.0.0
Dialog DLL:      DCM.DLL V1.17.3.0
Target DLL:      STLink\ST-LINKIII-KEIL_SWO.dll V3.0.7.0
Dialog DLL:      TCM.DLL V1.42.0.0
 
<h2>Project:</h2>
C:\Users\nexse\Desktop\Keil SMMS_EncoderCounter_USB\MDK-ARM\SMMS_EncoderCounter.uvprojx
Project File Date:  11/05/2020

<h2>Output:</h2>
*** Using Compiler 'V6.14', folder: 'C:\Keil_v5\ARM\ARMCLANG\Bin'
Rebuild target 'SMMS_EncoderCounter'
assembling startup_stm32g431xx.s...
compiling stm32g4xx_hal_msp.c...
compiling gpio.c...
compiling tim.c...
compiling usbd_conf.c...
../Core/Src/stm32g4xx_it.c(237): warning: implicit conversion from enumeration type 'FlagStatus' to different enumeration type 'GPIO_PinState' [-Wenum-conversion]
        HAL_GPIO_WritePin(GPIOB, GPIO_PIN_0, RESET);
        ~~~~~~~~~~~~~~~~~                    ^~~~~
1 warning generated.
compiling stm32g4xx_it.c...
../Core/Src/main.c(210): warning: implicit declaration of function 'CDC_Transmit_FS' is invalid in C99 [-Wimplicit-function-declaration]
                        CDC_Transmit_FS("Input wheel radius.. > ", 23);
                        ^
../Core/Src/main.c(251): warning: format specifies type 'unsigned long' but the argument has type 'uint32_t' (aka 'unsigned int') [-Wformat]
                                        "Auto triggering= %s\r\n", wP.encoderPulseCount,
                                                                   ^~~~~~~~~~~~~~~~~~~~
../Core/Src/main.c(272): warning: implicit conversion from enumeration type 'FlagStatus' to different enumeration type 'GPIO_PinState' [-Wenum-conversion]
                        HAL_GPIO_WritePin(GPIOB, GPIO_PIN_0, SET);
                        ~~~~~~~~~~~~~~~~~                    ^~~
../Core/Src/main.c(276): warning: implicit declaration of function 'CDC_Transmit_FS' is invalid in C99 [-Wimplicit-function-declaration]
                        CDC_Transmit_FS(&__buf, 1);
                        ^
4 warnings generated.
compiling main.c...
compiling usb_device.c...
compiling usbd_desc.c...
compiling stm32g4xx_ll_exti.c...
compiling stm32g4xx_hal_gpio.c...
compiling stm32g4xx_ll_utils.c...
../USB_Device/App/usbd_cdc_if.c(316): warning: implicit conversion from enumeration type 'FlagStatus' to different enumeration type 'GPIO_PinState' [-Wenum-conversion]
                        HAL_GPIO_WritePin(GPIOB, GPIO_PIN_0, SET);
                        ~~~~~~~~~~~~~~~~~                    ^~~
../USB_Device/App/usbd_cdc_if.c(340): warning: implicit conversion from enumeration type 'FlagStatus' to different enumeration type 'GPIO_PinState' [-Wenum-conversion]
                        HAL_GPIO_WritePin(GPIOB, GPIO_PIN_0, SET);
                        ~~~~~~~~~~~~~~~~~                    ^~~
../USB_Device/App/usbd_cdc_if.c(339): warning: overflow converting case value to switch condition type (813188678 to 70) [-Wswitch]
                case '0xFF':
                     ^
3 warnings generated.
compiling usbd_cdc_if.c...
compiling stm32g4xx_hal_pcd_ex.c...
compiling stm32g4xx_hal.c...
compiling stm32g4xx_hal_pcd.c...
compiling stm32g4xx_hal_rcc.c...
compiling stm32g4xx_hal_flash.c...
compiling stm32g4xx_hal_rcc_ex.c...
compiling stm32g4xx_ll_usb.c...
compiling stm32g4xx_hal_flash_ex.c...
compiling stm32g4xx_hal_flash_ramfunc.c...
compiling stm32g4xx_hal_dma_ex.c...
compiling stm32g4xx_hal_exti.c...
compiling stm32g4xx_hal_pwr.c...
compiling stm32g4xx_hal_dma.c...
compiling stm32g4xx_hal_tim.c...
compiling stm32g4xx_hal_pwr_ex.c...
compiling stm32g4xx_hal_cortex.c...
compiling stm32g4xx_hal_tim_ex.c...
compiling stm32g4xx_ll_gpio.c...
compiling system_stm32g4xx.c...
compiling stm32g4xx_ll_dma.c...
compiling stm32g4xx_ll_tim.c...
compiling usbd_core.c...
compiling usbd_ctlreq.c...
compiling usbd_ioreq.c...
compiling usbd_cdc.c...
linking...
Program Size: Code=20628 RO-data=772 RW-data=636 ZI-data=6084  
FromELF: creating hex file...
"SMMS_EncoderCounter\SMMS_EncoderCounter.axf" - 0 Error(s), 8 Warning(s).

<h2>Software Packages used:</h2>

Package Vendor: ARM
                http://www.keil.com/pack/ARM.CMSIS.5.7.0.pack
                ARM.CMSIS.5.7.0
                CMSIS (Cortex Microcontroller Software Interface Standard)
   * Component: CORE Version: 5.4.0

Package Vendor: Keil
                http://www.keil.com/pack/Keil.STM32G4xx_DFP.1.2.0.pack
                Keil.STM32G4xx_DFP.1.2.0
                STMicroelectronics STM32G4 Series Device Support, Drivers and Examples

<h2>Collection of Component include folders:</h2>
  .\RTE\_SMMS_EncoderCounter
  C:\Users\nexse\AppData\Local\Arm\Packs\ARM\CMSIS\5.7.0\CMSIS\Core\Include
  C:\Users\nexse\AppData\Local\Arm\Packs\Keil\STM32G4xx_DFP\1.2.0\Drivers\CMSIS\Device\ST\STM32G4xx\Include

<h2>Collection of Component Files used:</h2>

   * Component: ARM::CMSIS:CORE:5.4.0
Build Time Elapsed:  00:00:03
</pre>
</body>
</html>
