Component: ARM Compiler 6.14 Tool: armlink [5db06800]

==============================================================================

Section Cross References

    startup_stm32g431xx.o(RESET) refers to startup_stm32g431xx.o(STACK) for __initial_sp
    startup_stm32g431xx.o(RESET) refers to startup_stm32g431xx.o(.text) for Reset_Handler
    startup_stm32g431xx.o(RESET) refers to stm32g4xx_it.o(.text.NMI_Handler) for NMI_Handler
    startup_stm32g431xx.o(RESET) refers to stm32g4xx_it.o(.text.HardFault_Handler) for HardFault_Handler
    startup_stm32g431xx.o(RESET) refers to stm32g4xx_it.o(.text.MemManage_Handler) for MemManage_Handler
    startup_stm32g431xx.o(RESET) refers to stm32g4xx_it.o(.text.BusFault_Handler) for BusFault_Handler
    startup_stm32g431xx.o(RESET) refers to stm32g4xx_it.o(.text.UsageFault_Handler) for UsageFault_Handler
    startup_stm32g431xx.o(RESET) refers to stm32g4xx_it.o(.text.SVC_Handler) for SVC_Handler
    startup_stm32g431xx.o(RESET) refers to stm32g4xx_it.o(.text.DebugMon_Handler) for DebugMon_Handler
    startup_stm32g431xx.o(RESET) refers to stm32g4xx_it.o(.text.PendSV_Handler) for PendSV_Handler
    startup_stm32g431xx.o(RESET) refers to stm32g4xx_it.o(.text.SysTick_Handler) for SysTick_Handler
    startup_stm32g431xx.o(RESET) refers to stm32g4xx_it.o(.text.EXTI9_5_IRQHandler) for EXTI9_5_IRQHandler
    startup_stm32g431xx.o(RESET) refers to stm32g4xx_it.o(.text.TIM3_IRQHandler) for TIM3_IRQHandler
    startup_stm32g431xx.o(RESET) refers to stm32g4xx_it.o(.text.SPI1_IRQHandler) for SPI1_IRQHandler
    startup_stm32g431xx.o(.text) refers to system_stm32g4xx.o(.text.SystemInit) for SystemInit
    startup_stm32g431xx.o(.text) refers to entry.o(.ARM.Collect$$$$00000000) for __main
    main.o(.text.HAL_SPI_RxCpltCallback) refers to stm32g4xx_hal_spi.o(.text.HAL_SPI_Receive_IT) for HAL_SPI_Receive_IT
    main.o(.text.HAL_SPI_RxCpltCallback) refers to spi.o(.bss.hspi1) for hspi1
    main.o(.text.HAL_SPI_RxCpltCallback) refers to main.o(.bss..L_MergedGlobals) for [Anonymous Symbol]
    main.o(.ARM.exidx.text.HAL_SPI_RxCpltCallback) refers to main.o(.text.HAL_SPI_RxCpltCallback) for [Anonymous Symbol]
    main.o(.text.HAL_GPIO_EXTI_Callback) refers to stm32g4xx_hal_gpio.o(.text.HAL_GPIO_TogglePin) for HAL_GPIO_TogglePin
    main.o(.text.HAL_GPIO_EXTI_Callback) refers to main.o(.bss..L_MergedGlobals) for [Anonymous Symbol]
    main.o(.ARM.exidx.text.HAL_GPIO_EXTI_Callback) refers to main.o(.text.HAL_GPIO_EXTI_Callback) for [Anonymous Symbol]
    main.o(.text.diameter) refers to f2d.o(.text) for __aeabi_f2d
    main.o(.text.diameter) refers to dmul.o(.text) for __aeabi_dmul
    main.o(.text.diameter) refers to d2f.o(.text) for __aeabi_d2f
    main.o(.ARM.exidx.text.diameter) refers to main.o(.text.diameter) for [Anonymous Symbol]
    main.o(.ARM.exidx.text.rotationForShoot) refers to main.o(.text.rotationForShoot) for [Anonymous Symbol]
    main.o(.ARM.exidx.text.targetPulseCount) refers to main.o(.text.targetPulseCount) for [Anonymous Symbol]
    main.o(.text.SaveWheelParam) refers to stm32g4xx_hal_flash.o(.text.HAL_FLASH_Unlock) for HAL_FLASH_Unlock
    main.o(.text.SaveWheelParam) refers to stm32g4xx_hal_flash_ex.o(.text.HAL_FLASHEx_Erase) for HAL_FLASHEx_Erase
    main.o(.text.SaveWheelParam) refers to stm32g4xx_hal_flash.o(.text.HAL_FLASH_Program) for HAL_FLASH_Program
    main.o(.text.SaveWheelParam) refers to stm32g4xx_hal_flash.o(.text.HAL_FLASH_Lock) for HAL_FLASH_Lock
    main.o(.ARM.exidx.text.SaveWheelParam) refers to main.o(.text.SaveWheelParam) for [Anonymous Symbol]
    main.o(.text.main) refers to stm32g4xx_hal.o(.text.HAL_Init) for HAL_Init
    main.o(.text.main) refers to main.o(.text.SystemClock_Config) for SystemClock_Config
    main.o(.text.main) refers to gpio.o(.text.MX_GPIO_Init) for MX_GPIO_Init
    main.o(.text.main) refers to tim.o(.text.MX_TIM3_Init) for MX_TIM3_Init
    main.o(.text.main) refers to spi.o(.text.MX_SPI1_Init) for MX_SPI1_Init
    main.o(.text.main) refers to stm32g4xx_hal_spi.o(.text.HAL_SPI_Receive_IT) for HAL_SPI_Receive_IT
    main.o(.text.main) refers to stm32g4xx_hal.o(.text.HAL_Delay) for HAL_Delay
    main.o(.text.main) refers to main.o(.text.diameter) for diameter
    main.o(.text.main) refers to main.o(.text.SaveWheelParam) for SaveWheelParam
    main.o(.text.main) refers to stm32g4xx_hal_gpio.o(.text.HAL_GPIO_WritePin) for HAL_GPIO_WritePin
    main.o(.text.main) refers to main.o(.bss..L_MergedGlobals) for [Anonymous Symbol]
    main.o(.text.main) refers to spi.o(.bss.hspi1) for hspi1
    main.o(.text.main) refers to main.o(.data.encoderTargetCount) for encoderTargetCount
    main.o(.text.main) refers to stm32g4xx_hal_spi.o(.text.HAL_SPI_Receive) for HAL_SPI_Receive
    main.o(.ARM.exidx.text.main) refers to main.o(.text.main) for [Anonymous Symbol]
    main.o(.text.SystemClock_Config) refers to memseta.o(.text) for __aeabi_memclr4
[...]
    Removing stm32g4xx_hal_rcc_ex.o(.ARM.exidx.text.HAL_RCCEx_GetPeriphCLKFreq), (8 bytes).
    Removing stm32g4xx_hal_rcc_ex.o(.text.HAL_RCCEx_EnableLSECSS), (16 bytes).
    Removing stm32g4xx_hal_rcc_ex.o(.ARM.exidx.text.HAL_RCCEx_EnableLSECSS), (8 bytes).
    Removing stm32g4xx_hal_rcc_ex.o(.text.HAL_RCCEx_DisableLSECSS), (24 bytes).
    Removing stm32g4xx_hal_rcc_ex.o(.ARM.exidx.text.HAL_RCCEx_DisableLSECSS), (8 bytes).
    Removing stm32g4xx_hal_rcc_ex.o(.text.HAL_RCCEx_EnableLSECSS_IT), (48 bytes).
    Removing stm32g4xx_hal_rcc_ex.o(.ARM.exidx.text.HAL_RCCEx_EnableLSECSS_IT), (8 bytes).
    Removing stm32g4xx_hal_rcc_ex.o(.text.HAL_RCCEx_LSECSS_IRQHandler), (28 bytes).
    Removing stm32g4xx_hal_rcc_ex.o(.ARM.exidx.text.HAL_RCCEx_LSECSS_IRQHandler), (8 bytes).
    Removing stm32g4xx_hal_rcc_ex.o(.text.HAL_RCCEx_LSECSS_Callback), (2 bytes).
    Removing stm32g4xx_hal_rcc_ex.o(.ARM.exidx.text.HAL_RCCEx_LSECSS_Callback), (8 bytes).
    Removing stm32g4xx_hal_rcc_ex.o(.text.HAL_RCCEx_EnableLSCO), (148 bytes).
    Removing stm32g4xx_hal_rcc_ex.o(.ARM.exidx.text.HAL_RCCEx_EnableLSCO), (8 bytes).
    Removing stm32g4xx_hal_rcc_ex.o(.text.HAL_RCCEx_DisableLSCO), (88 bytes).
    Removing stm32g4xx_hal_rcc_ex.o(.ARM.exidx.text.HAL_RCCEx_DisableLSCO), (8 bytes).
    Removing stm32g4xx_hal_rcc_ex.o(.text.HAL_RCCEx_CRSConfig), (72 bytes).
    Removing stm32g4xx_hal_rcc_ex.o(.ARM.exidx.text.HAL_RCCEx_CRSConfig), (8 bytes).
    Removing stm32g4xx_hal_rcc_ex.o(.text.HAL_RCCEx_CRSSoftwareSynchronizationGenerate), (16 bytes).
    Removing stm32g4xx_hal_rcc_ex.o(.ARM.exidx.text.HAL_RCCEx_CRSSoftwareSynchronizationGenerate), (8 bytes).
    Removing stm32g4xx_hal_rcc_ex.o(.text.HAL_RCCEx_CRSGetSynchronizationInfo), (36 bytes).
    Removing stm32g4xx_hal_rcc_ex.o(.ARM.exidx.text.HAL_RCCEx_CRSGetSynchronizationInfo), (8 bytes).
    Removing stm32g4xx_hal_rcc_ex.o(.text.HAL_RCCEx_CRSWaitSynchronization), (144 bytes).
    Removing stm32g4xx_hal_rcc_ex.o(.ARM.exidx.text.HAL_RCCEx_CRSWaitSynchronization), (8 bytes).
    Removing stm32g4xx_hal_rcc_ex.o(.text.HAL_RCCEx_CRS_IRQHandler), (68 bytes).
    Removing stm32g4xx_hal_rcc_ex.o(.ARM.exidx.text.HAL_RCCEx_CRS_IRQHandler), (8 bytes).
    Removing stm32g4xx_hal_rcc_ex.o(.text.HAL_RCCEx_CRS_SyncOkCallback), (2 bytes).
    Removing stm32g4xx_hal_rcc_ex.o(.ARM.exidx.text.HAL_RCCEx_CRS_SyncOkCallback), (8 bytes).
    Removing stm32g4xx_hal_rcc_ex.o(.text.HAL_RCCEx_CRS_SyncWarnCallback), (2 bytes).
    Removing stm32g4xx_hal_rcc_ex.o(.ARM.exidx.text.HAL_RCCEx_CRS_SyncWarnCallback), (8 bytes).
    Removing stm32g4xx_hal_rcc_ex.o(.text.HAL_RCCEx_CRS_ExpectedSyncCallback), (2 bytes).
    Removing stm32g4xx_hal_rcc_ex.o(.ARM.exidx.text.HAL_RCCEx_CRS_ExpectedSyncCallback), (8 bytes).
    Removing stm32g4xx_hal_rcc_ex.o(.text.HAL_RCCEx_CRS_ErrorCallback), (2 bytes).
    Removing stm32g4xx_hal_rcc_ex.o(.ARM.exidx.text.HAL_RCCEx_CRS_ErrorCallback), (8 bytes).
    Removing stm32g4xx_hal_flash.o(.text), (0 bytes).
    Removing stm32g4xx_hal_flash.o(.ARM.exidx.text.HAL_FLASH_Program), (8 bytes).
    Removing stm32g4xx_hal_flash.o(.ARM.exidx.text.FLASH_WaitForLastOperation), (8 bytes).
    Removing stm32g4xx_hal_flash.o(.ARM.exidx.text.FLASH_Program_Fast), (8 bytes).
    Removing stm32g4xx_hal_flash.o(.text.HAL_FLASH_Program_IT), (140 bytes).
    Removing stm32g4xx_hal_flash.o(.ARM.exidx.text.HAL_FLASH_Program_IT), (8 bytes).
    Removing stm32g4xx_hal_flash.o(.text.HAL_FLASH_IRQHandler), (240 bytes).
    Removing stm32g4xx_hal_flash.o(.ARM.exidx.text.HAL_FLASH_IRQHandler), (8 bytes).
    Removing stm32g4xx_hal_flash.o(.text.HAL_FLASH_OperationErrorCallback), (2 bytes).
    Removing stm32g4xx_hal_flash.o(.ARM.exidx.text.HAL_FLASH_OperationErrorCallback), (8 bytes).
    Removing stm32g4xx_hal_flash.o(.text.HAL_FLASH_EndOfOperationCallback), (2 bytes).
    Removing stm32g4xx_hal_flash.o(.ARM.exidx.text.HAL_FLASH_EndOfOperationCallback), (8 bytes).
    Removing stm32g4xx_hal_flash.o(.ARM.exidx.text.HAL_FLASH_Unlock), (8 bytes).
    Removing stm32g4xx_hal_flash.o(.ARM.exidx.text.HAL_FLASH_Lock), (8 bytes).
    Removing stm32g4xx_hal_flash.o(.text.HAL_FLASH_OB_Unlock), (40 bytes).
    Removing stm32g4xx_hal_flash.o(.ARM.exidx.text.HAL_FLASH_OB_Unlock), (8 bytes).
    Removing stm32g4xx_hal_flash.o(.text.HAL_FLASH_OB_Lock), (24 bytes).
    Removing stm32g4xx_hal_flash.o(.ARM.exidx.text.HAL_FLASH_OB_Lock), (8 bytes).
    Removing stm32g4xx_hal_flash.o(.text.HAL_FLASH_OB_Launch), (24 bytes).
    Removing stm32g4xx_hal_flash.o(.ARM.exidx.text.HAL_FLASH_OB_Launch), (8 bytes).
    Removing stm32g4xx_hal_flash.o(.text.HAL_FLASH_GetError), (12 bytes).
    Removing stm32g4xx_hal_flash.o(.ARM.exidx.text.HAL_FLASH_GetError), (8 bytes).
    Removing stm32g4xx_hal_flash_ex.o(.text), (0 bytes).
    Removing stm32g4xx_hal_flash_ex.o(.ARM.exidx.text.HAL_FLASHEx_Erase), (8 bytes).
    Removing stm32g4xx_hal_flash_ex.o(.ARM.exidx.text.FLASH_MassErase), (8 bytes).
    Removing stm32g4xx_hal_flash_ex.o(.ARM.exidx.text.FLASH_PageErase), (8 bytes).
    Removing stm32g4xx_hal_flash_ex.o(.ARM.exidx.text.FLASH_FlushCaches), (8 bytes).
    Removing stm32g4xx_hal_flash_ex.o(.text.HAL_FLASHEx_Erase_IT), (140 bytes).
    Removing stm32g4xx_hal_flash_ex.o(.ARM.exidx.text.HAL_FLASHEx_Erase_IT), (8 bytes).
    Removing stm32g4xx_hal_flash_ex.o(.text.HAL_FLASHEx_OBProgram), (724 bytes).
    Removing stm32g4xx_hal_flash_ex.o(.ARM.exidx.text.HAL_FLASHEx_OBProgram), (8 bytes).
    Removing stm32g4xx_hal_flash_ex.o(.text.HAL_FLASHEx_OBGetConfig), (164 bytes).
    Removing stm32g4xx_hal_flash_ex.o(.ARM.exidx.text.HAL_FLASHEx_OBGetConfig), (8 bytes).
    Removing stm32g4xx_hal_flash_ex.o(.text.HAL_FLASHEx_EnableSecMemProtection), (20 bytes).
    Removing stm32g4xx_hal_flash_ex.o(.ARM.exidx.text.HAL_FLASHEx_EnableSecMemProtection), (8 bytes).
    Removing stm32g4xx_hal_flash_ex.o(.text.HAL_FLASHEx_EnableDebugger), (16 bytes).
    Removing stm32g4xx_hal_flash_ex.o(.ARM.exidx.text.HAL_FLASHEx_EnableDebugger), (8 bytes).
    Removing stm32g4xx_hal_flash_ex.o(.text.HAL_FLASHEx_DisableDebugger), (16 bytes).
    Removing stm32g4xx_hal_flash_ex.o(.ARM.exidx.text.HAL_FLASHEx_DisableDebugger), (8 bytes).
    Removing stm32g4xx_hal_flash_ramfunc.o(.text), (0 bytes).
    Removing stm32g4xx_hal_flash_ramfunc.o(.RamFunc), (72 bytes).
    Removing stm32g4xx_hal_flash_ramfunc.o(.ARM.exidx.RamFunc), (16 bytes).
    Removing stm32g4xx_hal_exti.o(.text), (0 bytes).
    Removing stm32g4xx_hal_exti.o(.text.HAL_EXTI_SetConfigLine), (208 bytes).
    Removing stm32g4xx_hal_exti.o(.ARM.exidx.text.HAL_EXTI_SetConfigLine), (8 bytes).
    Removing stm32g4xx_hal_exti.o(.text.HAL_EXTI_GetConfigLine), (156 bytes).
    Removing stm32g4xx_hal_exti.o(.ARM.exidx.text.HAL_EXTI_GetConfigLine), (8 bytes).
    Removing stm32g4xx_hal_exti.o(.text.HAL_EXTI_ClearConfigLine), (132 bytes).
    Removing stm32g4xx_hal_exti.o(.ARM.exidx.text.HAL_EXTI_ClearConfigLine), (8 bytes).
    Removing stm32g4xx_hal_exti.o(.text.HAL_EXTI_RegisterCallback), (16 bytes).
    Removing stm32g4xx_hal_exti.o(.ARM.exidx.text.HAL_EXTI_RegisterCallback), (8 bytes).
    Removing stm32g4xx_hal_exti.o(.text.HAL_EXTI_GetHandle), (12 bytes).
    Removing stm32g4xx_hal_exti.o(.ARM.exidx.text.HAL_EXTI_GetHandle), (8 bytes).
    Removing stm32g4xx_hal_exti.o(.text.HAL_EXTI_IRQHandler), (52 bytes).
    Removing stm32g4xx_hal_exti.o(.ARM.exidx.text.HAL_EXTI_IRQHandler), (8 bytes).
    Removing stm32g4xx_hal_exti.o(.text.HAL_EXTI_GetPending), (32 bytes).
    Removing stm32g4xx_hal_exti.o(.ARM.exidx.text.HAL_EXTI_GetPending), (8 bytes).
    Removing stm32g4xx_hal_exti.o(.text.HAL_EXTI_ClearPending), (28 bytes).
    Removing stm32g4xx_hal_exti.o(.ARM.exidx.text.HAL_EXTI_ClearPending), (8 bytes).
    Removing stm32g4xx_hal_exti.o(.text.HAL_EXTI_GenerateSWI), (28 bytes).
    Removing stm32g4xx_hal_exti.o(.ARM.exidx.text.HAL_EXTI_GenerateSWI), (8 bytes).
    Removing stm32g4xx_hal_dma.o(.text), (0 bytes).
    Removing stm32g4xx_hal_dma.o(.text.HAL_DMA_Init), (184 bytes).
    Removing stm32g4xx_hal_dma.o(.ARM.exidx.text.HAL_DMA_Init), (8 bytes).
    Removing stm32g4xx_hal_dma.o(.text.DMA_CalcDMAMUXChannelBaseAndMask), (72 bytes).
    Removing stm32g4xx_hal_dma.o(.ARM.exidx.text.DMA_CalcDMAMUXChannelBaseAndMask), (8 bytes).
    Removing stm32g4xx_hal_dma.o(.text.DMA_CalcDMAMUXRequestGenBaseAndMask), (36 bytes).
    Removing stm32g4xx_hal_dma.o(.ARM.exidx.text.DMA_CalcDMAMUXRequestGenBaseAndMask), (8 bytes).
    Removing stm32g4xx_hal_dma.o(.text.HAL_DMA_DeInit), (152 bytes).
    Removing stm32g4xx_hal_dma.o(.ARM.exidx.text.HAL_DMA_DeInit), (8 bytes).
    Removing stm32g4xx_hal_dma.o(.text.HAL_DMA_Start), (76 bytes).
    Removing stm32g4xx_hal_dma.o(.ARM.exidx.text.HAL_DMA_Start), (8 bytes).
    Removing stm32g4xx_hal_dma.o(.text.DMA_SetConfig), (58 bytes).
    Removing stm32g4xx_hal_dma.o(.ARM.exidx.text.DMA_SetConfig), (8 bytes).
    Removing stm32g4xx_hal_dma.o(.text.HAL_DMA_Start_IT), (130 bytes).
    Removing stm32g4xx_hal_dma.o(.ARM.exidx.text.HAL_DMA_Start_IT), (8 bytes).
    Removing stm32g4xx_hal_dma.o(.text.HAL_DMA_Abort), (104 bytes).
    Removing stm32g4xx_hal_dma.o(.ARM.exidx.text.HAL_DMA_Abort), (8 bytes).
    Removing stm32g4xx_hal_dma.o(.ARM.exidx.text.HAL_DMA_Abort_IT), (8 bytes).
    Removing stm32g4xx_hal_dma.o(.text.HAL_DMA_PollForTransfer), (250 bytes).
    Removing stm32g4xx_hal_dma.o(.ARM.exidx.text.HAL_DMA_PollForTransfer), (8 bytes).
    Removing stm32g4xx_hal_dma.o(.text.HAL_DMA_IRQHandler), (148 bytes).
    Removing stm32g4xx_hal_dma.o(.ARM.exidx.text.HAL_DMA_IRQHandler), (8 bytes).
    Removing stm32g4xx_hal_dma.o(.text.HAL_DMA_RegisterCallback), (70 bytes).
    Removing stm32g4xx_hal_dma.o(.ARM.exidx.text.HAL_DMA_RegisterCallback), (8 bytes).
    Removing stm32g4xx_hal_dma.o(.text.HAL_DMA_UnRegisterCallback), (86 bytes).
    Removing stm32g4xx_hal_dma.o(.ARM.exidx.text.HAL_DMA_UnRegisterCallback), (8 bytes).
    Removing stm32g4xx_hal_dma.o(.text.HAL_DMA_GetState), (6 bytes).
    Removing stm32g4xx_hal_dma.o(.ARM.exidx.text.HAL_DMA_GetState), (8 bytes).
    Removing stm32g4xx_hal_dma.o(.text.HAL_DMA_GetError), (4 bytes).
    Removing stm32g4xx_hal_dma.o(.ARM.exidx.text.HAL_DMA_GetError), (8 bytes).
    Removing stm32g4xx_hal_dma_ex.o(.text), (0 bytes).
    Removing stm32g4xx_hal_dma_ex.o(.text.HAL_DMAEx_ConfigMuxSync), (80 bytes).
    Removing stm32g4xx_hal_dma_ex.o(.ARM.exidx.text.HAL_DMAEx_ConfigMuxSync), (8 bytes).
    Removing stm32g4xx_hal_dma_ex.o(.text.HAL_DMAEx_ConfigMuxRequestGenerator), (64 bytes).
    Removing stm32g4xx_hal_dma_ex.o(.ARM.exidx.text.HAL_DMAEx_ConfigMuxRequestGenerator), (8 bytes).
    Removing stm32g4xx_hal_dma_ex.o(.text.HAL_DMAEx_EnableMuxRequestGenerator), (26 bytes).
    Removing stm32g4xx_hal_dma_ex.o(.ARM.exidx.text.HAL_DMAEx_EnableMuxRequestGenerator), (8 bytes).
    Removing stm32g4xx_hal_dma_ex.o(.text.HAL_DMAEx_DisableMuxRequestGenerator), (26 bytes).
    Removing stm32g4xx_hal_dma_ex.o(.ARM.exidx.text.HAL_DMAEx_DisableMuxRequestGenerator), (8 bytes).
    Removing stm32g4xx_hal_dma_ex.o(.text.HAL_DMAEx_MUX_IRQHandler), (88 bytes).
    Removing stm32g4xx_hal_dma_ex.o(.ARM.exidx.text.HAL_DMAEx_MUX_IRQHandler), (8 bytes).
    Removing stm32g4xx_hal_pwr.o(.text), (0 bytes).
    Removing stm32g4xx_hal_pwr.o(.text.HAL_PWR_DeInit), (24 bytes).
    Removing stm32g4xx_hal_pwr.o(.ARM.exidx.text.HAL_PWR_DeInit), (8 bytes).
    Removing stm32g4xx_hal_pwr.o(.text.HAL_PWR_EnableBkUpAccess), (16 bytes).
    Removing stm32g4xx_hal_pwr.o(.ARM.exidx.text.HAL_PWR_EnableBkUpAccess), (8 bytes).
    Removing stm32g4xx_hal_pwr.o(.text.HAL_PWR_DisableBkUpAccess), (16 bytes).
    Removing stm32g4xx_hal_pwr.o(.ARM.exidx.text.HAL_PWR_DisableBkUpAccess), (8 bytes).
    Removing stm32g4xx_hal_pwr.o(.text.HAL_PWR_ConfigPVD), (112 bytes).
    Removing stm32g4xx_hal_pwr.o(.ARM.exidx.text.HAL_PWR_ConfigPVD), (8 bytes).
    Removing stm32g4xx_hal_pwr.o(.text.HAL_PWR_EnablePVD), (16 bytes).
    Removing stm32g4xx_hal_pwr.o(.ARM.exidx.text.HAL_PWR_EnablePVD), (8 bytes).
    Removing stm32g4xx_hal_pwr.o(.text.HAL_PWR_DisablePVD), (16 bytes).
    Removing stm32g4xx_hal_pwr.o(.ARM.exidx.text.HAL_PWR_DisablePVD), (8 bytes).
    Removing stm32g4xx_hal_pwr.o(.text.HAL_PWR_EnableWakeUpPin), (28 bytes).
    Removing stm32g4xx_hal_pwr.o(.ARM.exidx.text.HAL_PWR_EnableWakeUpPin), (8 bytes).
    Removing stm32g4xx_hal_pwr.o(.text.HAL_PWR_DisableWakeUpPin), (24 bytes).
    Removing stm32g4xx_hal_pwr.o(.ARM.exidx.text.HAL_PWR_DisableWakeUpPin), (8 bytes).
    Removing stm32g4xx_hal_pwr.o(.text.HAL_PWR_EnterSLEEPMode), (60 bytes).
    Removing stm32g4xx_hal_pwr.o(.ARM.exidx.text.HAL_PWR_EnterSLEEPMode), (8 bytes).
    Removing stm32g4xx_hal_pwr.o(.text.HAL_PWR_EnterSTOPMode), (16 bytes).
    Removing stm32g4xx_hal_pwr.o(.ARM.exidx.text.HAL_PWR_EnterSTOPMode), (8 bytes).
    Removing stm32g4xx_hal_pwr.o(.text.HAL_PWR_EnterSTANDBYMode), (36 bytes).
    Removing stm32g4xx_hal_pwr.o(.ARM.exidx.text.HAL_PWR_EnterSTANDBYMode), (8 bytes).
    Removing stm32g4xx_hal_pwr.o(.text.HAL_PWR_EnableSleepOnExit), (16 bytes).
    Removing stm32g4xx_hal_pwr.o(.ARM.exidx.text.HAL_PWR_EnableSleepOnExit), (8 bytes).
    Removing stm32g4xx_hal_pwr.o(.text.HAL_PWR_DisableSleepOnExit), (16 bytes).
    Removing stm32g4xx_hal_pwr.o(.ARM.exidx.text.HAL_PWR_DisableSleepOnExit), (8 bytes).
    Removing stm32g4xx_hal_pwr.o(.text.HAL_PWR_EnableSEVOnPend), (16 bytes).
    Removing stm32g4xx_hal_pwr.o(.ARM.exidx.text.HAL_PWR_EnableSEVOnPend), (8 bytes).
    Removing stm32g4xx_hal_pwr.o(.text.HAL_PWR_DisableSEVOnPend), (16 bytes).
    Removing stm32g4xx_hal_pwr.o(.ARM.exidx.text.HAL_PWR_DisableSEVOnPend), (8 bytes).
    Removing stm32g4xx_hal_pwr.o(.text.HAL_PWR_PVDCallback), (2 bytes).
    Removing stm32g4xx_hal_pwr.o(.ARM.exidx.text.HAL_PWR_PVDCallback), (8 bytes).
    Removing stm32g4xx_hal_pwr_ex.o(.text), (0 bytes).
    Removing stm32g4xx_hal_pwr_ex.o(.text.HAL_PWREx_GetVoltageRange), (36 bytes).
    Removing stm32g4xx_hal_pwr_ex.o(.ARM.exidx.text.HAL_PWREx_GetVoltageRange), (8 bytes).
    Removing stm32g4xx_hal_pwr_ex.o(.ARM.exidx.text.HAL_PWREx_ControlVoltageScaling), (8 bytes).
    Removing stm32g4xx_hal_pwr_ex.o(.text.HAL_PWREx_EnableBatteryCharging), (28 bytes).
    Removing stm32g4xx_hal_pwr_ex.o(.ARM.exidx.text.HAL_PWREx_EnableBatteryCharging), (8 bytes).
    Removing stm32g4xx_hal_pwr_ex.o(.text.HAL_PWREx_DisableBatteryCharging), (16 bytes).
    Removing stm32g4xx_hal_pwr_ex.o(.ARM.exidx.text.HAL_PWREx_DisableBatteryCharging), (8 bytes).
    Removing stm32g4xx_hal_pwr_ex.o(.text.HAL_PWREx_EnableInternalWakeUpLine), (16 bytes).
    Removing stm32g4xx_hal_pwr_ex.o(.ARM.exidx.text.HAL_PWREx_EnableInternalWakeUpLine), (8 bytes).
    Removing stm32g4xx_hal_pwr_ex.o(.text.HAL_PWREx_DisableInternalWakeUpLine), (16 bytes).
    Removing stm32g4xx_hal_pwr_ex.o(.ARM.exidx.text.HAL_PWREx_DisableInternalWakeUpLine), (8 bytes).
    Removing stm32g4xx_hal_pwr_ex.o(.text.HAL_PWREx_EnableGPIOPullUp), (172 bytes).
    Removing stm32g4xx_hal_pwr_ex.o(.ARM.exidx.text.HAL_PWREx_EnableGPIOPullUp), (8 bytes).
    Removing stm32g4xx_hal_pwr_ex.o(.text.HAL_PWREx_DisableGPIOPullUp), (132 bytes).
    Removing stm32g4xx_hal_pwr_ex.o(.ARM.exidx.text.HAL_PWREx_DisableGPIOPullUp), (8 bytes).
    Removing stm32g4xx_hal_pwr_ex.o(.text.HAL_PWREx_EnableGPIOPullDown), (176 bytes).
    Removing stm32g4xx_hal_pwr_ex.o(.ARM.exidx.text.HAL_PWREx_EnableGPIOPullDown), (8 bytes).
    Removing stm32g4xx_hal_pwr_ex.o(.text.HAL_PWREx_DisableGPIOPullDown), (124 bytes).
    Removing stm32g4xx_hal_pwr_ex.o(.ARM.exidx.text.HAL_PWREx_DisableGPIOPullDown), (8 bytes).
    Removing stm32g4xx_hal_pwr_ex.o(.text.HAL_PWREx_EnablePullUpPullDownConfig), (16 bytes).
    Removing stm32g4xx_hal_pwr_ex.o(.ARM.exidx.text.HAL_PWREx_EnablePullUpPullDownConfig), (8 bytes).
    Removing stm32g4xx_hal_pwr_ex.o(.text.HAL_PWREx_DisablePullUpPullDownConfig), (16 bytes).
    Removing stm32g4xx_hal_pwr_ex.o(.ARM.exidx.text.HAL_PWREx_DisablePullUpPullDownConfig), (8 bytes).
    Removing stm32g4xx_hal_pwr_ex.o(.text.HAL_PWREx_EnableSRAM2ContentRetention), (16 bytes).
    Removing stm32g4xx_hal_pwr_ex.o(.ARM.exidx.text.HAL_PWREx_EnableSRAM2ContentRetention), (8 bytes).
    Removing stm32g4xx_hal_pwr_ex.o(.text.HAL_PWREx_DisableSRAM2ContentRetention), (16 bytes).
    Removing stm32g4xx_hal_pwr_ex.o(.ARM.exidx.text.HAL_PWREx_DisableSRAM2ContentRetention), (8 bytes).
    Removing stm32g4xx_hal_pwr_ex.o(.text.HAL_PWREx_EnablePVM1), (16 bytes).
    Removing stm32g4xx_hal_pwr_ex.o(.ARM.exidx.text.HAL_PWREx_EnablePVM1), (8 bytes).
    Removing stm32g4xx_hal_pwr_ex.o(.text.HAL_PWREx_DisablePVM1), (16 bytes).
    Removing stm32g4xx_hal_pwr_ex.o(.ARM.exidx.text.HAL_PWREx_DisablePVM1), (8 bytes).
    Removing stm32g4xx_hal_pwr_ex.o(.text.HAL_PWREx_EnablePVM2), (16 bytes).
    Removing stm32g4xx_hal_pwr_ex.o(.ARM.exidx.text.HAL_PWREx_EnablePVM2), (8 bytes).
    Removing stm32g4xx_hal_pwr_ex.o(.text.HAL_PWREx_DisablePVM2), (16 bytes).
    Removing stm32g4xx_hal_pwr_ex.o(.ARM.exidx.text.HAL_PWREx_DisablePVM2), (8 bytes).
    Removing stm32g4xx_hal_pwr_ex.o(.text.HAL_PWREx_EnablePVM3), (16 bytes).
    Removing stm32g4xx_hal_pwr_ex.o(.ARM.exidx.text.HAL_PWREx_EnablePVM3), (8 bytes).
    Removing stm32g4xx_hal_pwr_ex.o(.text.HAL_PWREx_DisablePVM3), (16 bytes).
    Removing stm32g4xx_hal_pwr_ex.o(.ARM.exidx.text.HAL_PWREx_DisablePVM3), (8 bytes).
    Removing stm32g4xx_hal_pwr_ex.o(.text.HAL_PWREx_EnablePVM4), (16 bytes).
    Removing stm32g4xx_hal_pwr_ex.o(.ARM.exidx.text.HAL_PWREx_EnablePVM4), (8 bytes).
    Removing stm32g4xx_hal_pwr_ex.o(.text.HAL_PWREx_DisablePVM4), (16 bytes).
    Removing stm32g4xx_hal_pwr_ex.o(.ARM.exidx.text.HAL_PWREx_DisablePVM4), (8 bytes).
    Removing stm32g4xx_hal_pwr_ex.o(.text.HAL_PWREx_ConfigPVM), (376 bytes).
    Removing stm32g4xx_hal_pwr_ex.o(.ARM.exidx.text.HAL_PWREx_ConfigPVM), (8 bytes).
    Removing stm32g4xx_hal_pwr_ex.o(.text.HAL_PWREx_EnableUSBDeadBatteryPD), (16 bytes).
    Removing stm32g4xx_hal_pwr_ex.o(.ARM.exidx.text.HAL_PWREx_EnableUSBDeadBatteryPD), (8 bytes).
    Removing stm32g4xx_hal_pwr_ex.o(.text.HAL_PWREx_DisableUSBDeadBatteryPD), (16 bytes).
    Removing stm32g4xx_hal_pwr_ex.o(.ARM.exidx.text.HAL_PWREx_DisableUSBDeadBatteryPD), (8 bytes).
    Removing stm32g4xx_hal_pwr_ex.o(.text.HAL_PWREx_EnableUSBStandByModePD), (16 bytes).
    Removing stm32g4xx_hal_pwr_ex.o(.ARM.exidx.text.HAL_PWREx_EnableUSBStandByModePD), (8 bytes).
    Removing stm32g4xx_hal_pwr_ex.o(.text.HAL_PWREx_DisableUSBStandByModePD), (16 bytes).
    Removing stm32g4xx_hal_pwr_ex.o(.ARM.exidx.text.HAL_PWREx_DisableUSBStandByModePD), (8 bytes).
    Removing stm32g4xx_hal_pwr_ex.o(.text.HAL_PWREx_EnableLowPowerRunMode), (16 bytes).
    Removing stm32g4xx_hal_pwr_ex.o(.ARM.exidx.text.HAL_PWREx_EnableLowPowerRunMode), (8 bytes).
    Removing stm32g4xx_hal_pwr_ex.o(.text.HAL_PWREx_DisableLowPowerRunMode), (64 bytes).
    Removing stm32g4xx_hal_pwr_ex.o(.ARM.exidx.text.HAL_PWREx_DisableLowPowerRunMode), (8 bytes).
    Removing stm32g4xx_hal_pwr_ex.o(.text.HAL_PWREx_EnterSTOP0Mode), (52 bytes).
    Removing stm32g4xx_hal_pwr_ex.o(.ARM.exidx.text.HAL_PWREx_EnterSTOP0Mode), (8 bytes).
    Removing stm32g4xx_hal_pwr_ex.o(.text.HAL_PWREx_EnterSTOP1Mode), (52 bytes).
    Removing stm32g4xx_hal_pwr_ex.o(.ARM.exidx.text.HAL_PWREx_EnterSTOP1Mode), (8 bytes).
    Removing stm32g4xx_hal_pwr_ex.o(.text.HAL_PWREx_EnterSHUTDOWNMode), (36 bytes).
    Removing stm32g4xx_hal_pwr_ex.o(.ARM.exidx.text.HAL_PWREx_EnterSHUTDOWNMode), (8 bytes).
    Removing stm32g4xx_hal_pwr_ex.o(.text.HAL_PWREx_PVD_PVM_IRQHandler), (88 bytes).
    Removing stm32g4xx_hal_pwr_ex.o(.ARM.exidx.text.HAL_PWREx_PVD_PVM_IRQHandler), (8 bytes).
    Removing stm32g4xx_hal_pwr_ex.o(.text.HAL_PWREx_PVM1Callback), (2 bytes).
    Removing stm32g4xx_hal_pwr_ex.o(.ARM.exidx.text.HAL_PWREx_PVM1Callback), (8 bytes).
    Removing stm32g4xx_hal_pwr_ex.o(.text.HAL_PWREx_PVM2Callback), (2 bytes).
    Removing stm32g4xx_hal_pwr_ex.o(.ARM.exidx.text.HAL_PWREx_PVM2Callback), (8 bytes).
    Removing stm32g4xx_hal_pwr_ex.o(.text.HAL_PWREx_PVM3Callback), (2 bytes).
    Removing stm32g4xx_hal_pwr_ex.o(.ARM.exidx.text.HAL_PWREx_PVM3Callback), (8 bytes).
    Removing stm32g4xx_hal_pwr_ex.o(.text.HAL_PWREx_PVM4Callback), (2 bytes).
    Removing stm32g4xx_hal_pwr_ex.o(.ARM.exidx.text.HAL_PWREx_PVM4Callback), (8 bytes).
    Removing stm32g4xx_hal_cortex.o(.text), (0 bytes).
    Removing stm32g4xx_hal_cortex.o(.ARM.exidx.text.HAL_NVIC_SetPriorityGrouping), (8 bytes).
    Removing stm32g4xx_hal_cortex.o(.ARM.exidx.text.HAL_NVIC_SetPriority), (8 bytes).
    Removing stm32g4xx_hal_cortex.o(.ARM.exidx.text.__NVIC_SetPriority), (8 bytes).
    Removing stm32g4xx_hal_cortex.o(.ARM.exidx.text.HAL_NVIC_EnableIRQ), (8 bytes).
    Removing stm32g4xx_hal_cortex.o(.text.HAL_NVIC_DisableIRQ), (36 bytes).
    Removing stm32g4xx_hal_cortex.o(.ARM.exidx.text.HAL_NVIC_DisableIRQ), (8 bytes).
    Removing stm32g4xx_hal_cortex.o(.text.HAL_NVIC_SystemReset), (4 bytes).
    Removing stm32g4xx_hal_cortex.o(.ARM.exidx.text.HAL_NVIC_SystemReset), (8 bytes).
    Removing stm32g4xx_hal_cortex.o(.text.__NVIC_SystemReset), (36 bytes).
    Removing stm32g4xx_hal_cortex.o(.ARM.exidx.text.__NVIC_SystemReset), (8 bytes).
    Removing stm32g4xx_hal_cortex.o(.ARM.exidx.text.HAL_SYSTICK_Config), (8 bytes).
    Removing stm32g4xx_hal_cortex.o(.text.HAL_NVIC_GetPriorityGrouping), (16 bytes).
    Removing stm32g4xx_hal_cortex.o(.ARM.exidx.text.HAL_NVIC_GetPriorityGrouping), (8 bytes).
    Removing stm32g4xx_hal_cortex.o(.text.HAL_NVIC_GetPriority), (84 bytes).
    Removing stm32g4xx_hal_cortex.o(.ARM.exidx.text.HAL_NVIC_GetPriority), (8 bytes).
    Removing stm32g4xx_hal_cortex.o(.text.HAL_NVIC_SetPendingIRQ), (28 bytes).
    Removing stm32g4xx_hal_cortex.o(.ARM.exidx.text.HAL_NVIC_SetPendingIRQ), (8 bytes).
    Removing stm32g4xx_hal_cortex.o(.text.HAL_NVIC_GetPendingIRQ), (36 bytes).
    Removing stm32g4xx_hal_cortex.o(.ARM.exidx.text.HAL_NVIC_GetPendingIRQ), (8 bytes).
    Removing stm32g4xx_hal_cortex.o(.text.HAL_NVIC_ClearPendingIRQ), (28 bytes).
    Removing stm32g4xx_hal_cortex.o(.ARM.exidx.text.HAL_NVIC_ClearPendingIRQ), (8 bytes).
    Removing stm32g4xx_hal_cortex.o(.text.HAL_NVIC_GetActive), (36 bytes).
    Removing stm32g4xx_hal_cortex.o(.ARM.exidx.text.HAL_NVIC_GetActive), (8 bytes).
    Removing stm32g4xx_hal_cortex.o(.text.HAL_SYSTICK_CLKSourceConfig), (24 bytes).
    Removing stm32g4xx_hal_cortex.o(.ARM.exidx.text.HAL_SYSTICK_CLKSourceConfig), (8 bytes).
    Removing stm32g4xx_hal_cortex.o(.text.HAL_SYSTICK_IRQHandler), (4 bytes).
    Removing stm32g4xx_hal_cortex.o(.ARM.exidx.text.HAL_SYSTICK_IRQHandler), (8 bytes).
    Removing stm32g4xx_hal_cortex.o(.text.HAL_SYSTICK_Callback), (2 bytes).
    Removing stm32g4xx_hal_cortex.o(.ARM.exidx.text.HAL_SYSTICK_Callback), (8 bytes).
    Removing stm32g4xx_hal_cortex.o(.text.HAL_MPU_Enable), (24 bytes).
    Removing stm32g4xx_hal_cortex.o(.ARM.exidx.text.HAL_MPU_Enable), (8 bytes).
    Removing stm32g4xx_hal_cortex.o(.text.HAL_MPU_Disable), (16 bytes).
    Removing stm32g4xx_hal_cortex.o(.ARM.exidx.text.HAL_MPU_Disable), (8 bytes).
    Removing stm32g4xx_hal_cortex.o(.text.HAL_MPU_ConfigRegion), (76 bytes).
    Removing stm32g4xx_hal_cortex.o(.ARM.exidx.text.HAL_MPU_ConfigRegion), (8 bytes).
    Removing stm32g4xx_hal_tim.o(.text), (0 bytes).
    Removing stm32g4xx_hal_tim_ex.o(.text), (0 bytes).
    Removing stm32g4xx_ll_pwr.o(.text), (0 bytes).
    Removing stm32g4xx_ll_pwr.o(.text.LL_PWR_DeInit), (28 bytes).
    Removing stm32g4xx_ll_pwr.o(.ARM.exidx.text.LL_PWR_DeInit), (8 bytes).
    Removing stm32g4xx_ll_tim.o(.text), (0 bytes).
    Removing stm32g4xx_ll_tim.o(.text.LL_TIM_DeInit), (292 bytes).
    Removing stm32g4xx_ll_tim.o(.ARM.exidx.text.LL_TIM_DeInit), (8 bytes).
    Removing stm32g4xx_ll_tim.o(.text.LL_TIM_StructInit), (18 bytes).
    Removing stm32g4xx_ll_tim.o(.ARM.exidx.text.LL_TIM_StructInit), (8 bytes).
    Removing stm32g4xx_ll_tim.o(.ARM.exidx.text.LL_TIM_Init), (8 bytes).
    Removing stm32g4xx_ll_tim.o(.text.LL_TIM_OC_StructInit), (10 bytes).
    Removing stm32g4xx_ll_tim.o(.ARM.exidx.text.LL_TIM_OC_StructInit), (8 bytes).
    Removing stm32g4xx_ll_tim.o(.text.LL_TIM_OC_Init), (760 bytes).
    Removing stm32g4xx_ll_tim.o(.ARM.exidx.text.LL_TIM_OC_Init), (8 bytes).
    Removing stm32g4xx_ll_tim.o(.text.LL_TIM_IC_StructInit), (16 bytes).
    Removing stm32g4xx_ll_tim.o(.ARM.exidx.text.LL_TIM_IC_StructInit), (8 bytes).
    Removing stm32g4xx_ll_tim.o(.text.LL_TIM_IC_Init), (234 bytes).
    Removing stm32g4xx_ll_tim.o(.ARM.exidx.text.LL_TIM_IC_Init), (8 bytes).
    Removing stm32g4xx_ll_tim.o(.text.LL_TIM_ENCODER_StructInit), (28 bytes).
    Removing stm32g4xx_ll_tim.o(.ARM.exidx.text.LL_TIM_ENCODER_StructInit), (8 bytes).
    Removing stm32g4xx_ll_tim.o(.text.LL_TIM_ENCODER_Init), (96 bytes).
    Removing stm32g4xx_ll_tim.o(.ARM.exidx.text.LL_TIM_ENCODER_Init), (8 bytes).
    Removing stm32g4xx_ll_tim.o(.text.LL_TIM_HALLSENSOR_StructInit), (12 bytes).
    Removing stm32g4xx_ll_tim.o(.ARM.exidx.text.LL_TIM_HALLSENSOR_StructInit), (8 bytes).
    Removing stm32g4xx_ll_tim.o(.text.LL_TIM_HALLSENSOR_Init), (88 bytes).
    Removing stm32g4xx_ll_tim.o(.ARM.exidx.text.LL_TIM_HALLSENSOR_Init), (8 bytes).
    Removing stm32g4xx_ll_tim.o(.text.LL_TIM_BDTR_StructInit), (22 bytes).
    Removing stm32g4xx_ll_tim.o(.ARM.exidx.text.LL_TIM_BDTR_StructInit), (8 bytes).
    Removing stm32g4xx_ll_tim.o(.text.LL_TIM_BDTR_Init), (140 bytes).
    Removing stm32g4xx_ll_tim.o(.ARM.exidx.text.LL_TIM_BDTR_Init), (8 bytes).
    Removing stm32g4xx_ll_gpio.o(.text), (0 bytes).
    Removing stm32g4xx_ll_gpio.o(.text.LL_GPIO_DeInit), (108 bytes).
    Removing stm32g4xx_ll_gpio.o(.ARM.exidx.text.LL_GPIO_DeInit), (8 bytes).
    Removing stm32g4xx_ll_gpio.o(.text.LL_GPIO_Init), (206 bytes).
    Removing stm32g4xx_ll_gpio.o(.ARM.exidx.text.LL_GPIO_Init), (8 bytes).
    Removing stm32g4xx_ll_gpio.o(.text.LL_GPIO_StructInit), (22 bytes).
    Removing stm32g4xx_ll_gpio.o(.ARM.exidx.text.LL_GPIO_StructInit), (8 bytes).
    Removing stm32g4xx_ll_dma.o(.text), (0 bytes).
    Removing stm32g4xx_ll_dma.o(.text.LL_DMA_DeInit), (352 bytes).
    Removing stm32g4xx_ll_dma.o(.ARM.exidx.text.LL_DMA_DeInit), (8 bytes).
    Removing stm32g4xx_ll_dma.o(.text.LL_DMA_Init), (136 bytes).
    Removing stm32g4xx_ll_dma.o(.ARM.exidx.text.LL_DMA_Init), (8 bytes).
    Removing stm32g4xx_ll_dma.o(.text.LL_DMA_StructInit), (10 bytes).
    Removing stm32g4xx_ll_dma.o(.ARM.exidx.text.LL_DMA_StructInit), (8 bytes).
    Removing system_stm32g4xx.o(.text), (0 bytes).
    Removing system_stm32g4xx.o(.ARM.exidx.text.SystemInit), (8 bytes).
    Removing system_stm32g4xx.o(.text.SystemCoreClockUpdate), (140 bytes).
    Removing system_stm32g4xx.o(.ARM.exidx.text.SystemCoreClockUpdate), (8 bytes).
    Removing system_stm32g4xx.o(.rodata.APBPrescTable), (8 bytes).

601 unused section(s) (total 20944 bytes) removed from the image.

==============================================================================

Image Symbol Table

    Local Symbols

    Symbol Name                              Value     Ov Type        Size  Object(Section)

    ../clib/microlib/init/entry.s            0x00000000   Number         0  entry.o ABSOLUTE
    ../clib/microlib/init/entry.s            0x00000000   Number         0  entry2.o ABSOLUTE
    ../clib/microlib/init/entry.s            0x00000000   Number         0  entry5.o ABSOLUTE
    ../clib/microlib/init/entry.s            0x00000000   Number         0  entry7a.o ABSOLUTE
    ../clib/microlib/init/entry.s            0x00000000   Number         0  entry7b.o ABSOLUTE
    ../clib/microlib/init/entry.s            0x00000000   Number         0  entry8a.o ABSOLUTE
    ../clib/microlib/init/entry.s            0x00000000   Number         0  entry8b.o ABSOLUTE
    ../clib/microlib/init/entry.s            0x00000000   Number         0  entry9a.o ABSOLUTE
    ../clib/microlib/init/entry.s            0x00000000   Number         0  entry9b.o ABSOLUTE
    ../clib/microlib/init/entry.s            0x00000000   Number         0  entry10a.o ABSOLUTE
    ../clib/microlib/init/entry.s            0x00000000   Number         0  entry10b.o ABSOLUTE
    ../clib/microlib/init/entry.s            0x00000000   Number         0  entry11a.o ABSOLUTE
    ../clib/microlib/init/entry.s            0x00000000   Number         0  entry11b.o ABSOLUTE
    ../clib/microlib/longlong.c              0x00000000   Number         0  llshl.o ABSOLUTE
    ../clib/microlib/longlong.c              0x00000000   Number         0  llushr.o ABSOLUTE
    ../clib/microlib/string/memset.c         0x00000000   Number         0  memseta.o ABSOLUTE
    ../clib/microlib/stubs.s                 0x00000000   Number         0  iusefp.o ABSOLUTE
    ../fplib/microlib/d2f.c                  0x00000000   Number         0  d2f.o ABSOLUTE
    ../fplib/microlib/f2d.c                  0x00000000   Number         0  f2d.o ABSOLUTE
    ../fplib/microlib/fpepilogue.c           0x00000000   Number         0  fepilogue.o ABSOLUTE
    ../fplib/microlib/fpepilogue.c           0x00000000   Number         0  depilogue.o ABSOLUTE
    ../fplib/microlib/fpmul.c                0x00000000   Number         0  dmul.o ABSOLUTE
    dc.s                                     0x00000000   Number         0  dc.o ABSOLUTE
    gpio.c                                   0x00000000   Number         0  gpio.o ABSOLUTE
    handlers.s                               0x00000000   Number         0  handlers.o ABSOLUTE
    init.s                                   0x00000000   Number         0  init.o ABSOLUTE
    main.c                                   0x00000000   Number         0  main.o ABSOLUTE
    spi.c                                    0x00000000   Number         0  spi.o ABSOLUTE
    startup_stm32g431xx.s                    0x00000000   Number         0  startup_stm32g431xx.o ABSOLUTE
    stm32g4xx_hal.c                          0x00000000   Number         0  stm32g4xx_hal.o ABSOLUTE
    stm32g4xx_hal_cortex.c                   0x00000000   Number         0  stm32g4xx_hal_cortex.o ABSOLUTE
    stm32g4xx_hal_dma.c                      0x00000000   Number         0  stm32g4xx_hal_dma.o ABSOLUTE
    stm32g4xx_hal_dma_ex.c                   0x00000000   Number         0  stm32g4xx_hal_dma_ex.o ABSOLUTE
    stm32g4xx_hal_exti.c                     0x00000000   Number         0  stm32g4xx_hal_exti.o ABSOLUTE
    stm32g4xx_hal_flash.c                    0x00000000   Number         0  stm32g4xx_hal_flash.o ABSOLUTE
    stm32g4xx_hal_flash_ex.c                 0x00000000   Number         0  stm32g4xx_hal_flash_ex.o ABSOLUTE
    stm32g4xx_hal_flash_ramfunc.c            0x00000000   Number         0  stm32g4xx_hal_flash_ramfunc.o ABSOLUTE
    stm32g4xx_hal_gpio.c                     0x00000000   Number         0  stm32g4xx_hal_gpio.o ABSOLUTE
    stm32g4xx_hal_msp.c                      0x00000000   Number         0  stm32g4xx_hal_msp.o ABSOLUTE
    stm32g4xx_hal_pwr.c                      0x00000000   Number         0  stm32g4xx_hal_pwr.o ABSOLUTE
    stm32g4xx_hal_pwr_ex.c                   0x00000000   Number         0  stm32g4xx_hal_pwr_ex.o ABSOLUTE
    stm32g4xx_hal_rcc.c                      0x00000000   Number         0  stm32g4xx_hal_rcc.o ABSOLUTE
    stm32g4xx_hal_rcc_ex.c                   0x00000000   Number         0  stm32g4xx_hal_rcc_ex.o ABSOLUTE
    stm32g4xx_hal_spi.c                      0x00000000   Number         0  stm32g4xx_hal_spi.o ABSOLUTE
    stm32g4xx_hal_spi_ex.c                   0x00000000   Number         0  stm32g4xx_hal_spi_ex.o ABSOLUTE
    stm32g4xx_hal_tim.c                      0x00000000   Number         0  stm32g4xx_hal_tim.o ABSOLUTE
    stm32g4xx_hal_tim_ex.c                   0x00000000   Number         0  stm32g4xx_hal_tim_ex.o ABSOLUTE
    stm32g4xx_it.c                           0x00000000   Number         0  stm32g4xx_it.o ABSOLUTE
    stm32g4xx_ll_dma.c                       0x00000000   Number         0  stm32g4xx_ll_dma.o ABSOLUTE
    stm32g4xx_ll_exti.c                      0x00000000   Number         0  stm32g4xx_ll_exti.o ABSOLUTE
    stm32g4xx_ll_gpio.c                      0x00000000   Number         0  stm32g4xx_ll_gpio.o ABSOLUTE
    stm32g4xx_ll_pwr.c                       0x00000000   Number         0  stm32g4xx_ll_pwr.o ABSOLUTE
    stm32g4xx_ll_tim.c                       0x00000000   Number         0  stm32g4xx_ll_tim.o ABSOLUTE
    stm32g4xx_ll_utils.c                     0x00000000   Number         0  stm32g4xx_ll_utils.o ABSOLUTE
    system_stm32g4xx.c                       0x00000000   Number         0  system_stm32g4xx.o ABSOLUTE
    tim.c                                    0x00000000   Number         0  tim.o ABSOLUTE
    RESET                                    0x08000000   Section      472  startup_stm32g431xx.o(RESET)
    .ARM.Collect$$$$00000000                 0x080001d8   Section        0  entry.o(.ARM.Collect$$$$00000000)
    .ARM.Collect$$$$00000001                 0x080001d8   Section        4  entry2.o(.ARM.Collect$$$$00000001)
    .ARM.Collect$$$$00000004                 0x080001dc   Section        4  entry5.o(.ARM.Collect$$$$00000004)
    .ARM.Collect$$$$00000008                 0x080001e0   Section        0  entry7b.o(.ARM.Collect$$$$00000008)
    .ARM.Collect$$$$0000000A                 0x080001e0   Section        0  entry8b.o(.ARM.Collect$$$$0000000A)
    .ARM.Collect$$$$0000000B                 0x080001e0   Section        8  entry9a.o(.ARM.Collect$$$$0000000B)
    __lit__00000000                          0x080001e8   Data           4  entry2.o(.ARM.Collect$$$$00002712)
    .ARM.Collect$$$$0000000D                 0x080001e8   Section        0  entry10a.o(.ARM.Collect$$$$0000000D)
    .ARM.Collect$$$$0000000F                 0x080001e8   Section        0  entry11a.o(.ARM.Collect$$$$0000000F)
    .ARM.Collect$$$$00002712                 0x080001e8   Section        4  entry2.o(.ARM.Collect$$$$00002712)
    $v0                                      0x080001ec   Number         0  startup_stm32g431xx.o(.text)
    .text                                    0x080001ec   Section       36  startup_stm32g431xx.o(.text)
    .text                                    0x08000210   Section        0  memseta.o(.text)
    .text                                    0x08000234   Section        0  dmul.o(.text)
    .text                                    0x08000318   Section        0  f2d.o(.text)
    .text                                    0x0800033e   Section        0  d2f.o(.text)
    .text                                    0x08000376   Section        0  iusefp.o(.text)
    .text                                    0x08000376   Section        0  fepilogue.o(.text)
    .text                                    0x080003e4   Section        0  depilogue.o(.text)
    .text                                    0x080004a0   Section       36  init.o(.text)
    .text                                    0x080004c4   Section        0  llshl.o(.text)
    .text                                    0x080004e2   Section        0  llushr.o(.text)
    [Anonymous Symbol]                       0x08000502   Section        0  stm32g4xx_it.o(.text.BusFault_Handler)
    [Anonymous Symbol]                       0x08000504   Section        0  stm32g4xx_it.o(.text.DebugMon_Handler)
    [Anonymous Symbol]                       0x08000508   Section        0  stm32g4xx_it.o(.text.EXTI9_5_IRQHandler)
    __arm_cp.9_0                             0x08000520   Number         4  stm32g4xx_it.o(.text.EXTI9_5_IRQHandler)
    [Anonymous Symbol]                       0x08000524   Section        0  main.o(.text.Error_Handler)
    [Anonymous Symbol]                       0x08000528   Section        0  stm32g4xx_hal_flash_ex.o(.text.FLASH_FlushCaches)
    FLASH_MassErase                          0x08000579   Thumb Code    24  stm32g4xx_hal_flash_ex.o(.text.FLASH_MassErase)
    [Anonymous Symbol]                       0x08000578   Section        0  stm32g4xx_hal_flash_ex.o(.text.FLASH_MassErase)
    [Anonymous Symbol]                       0x08000590   Section        0  stm32g4xx_hal_flash_ex.o(.text.FLASH_PageErase)
    FLASH_Program_Fast                       0x080005b5   Thumb Code    40  stm32g4xx_hal_flash.o(.text.FLASH_Program_Fast)
    [Anonymous Symbol]                       0x080005b4   Section        0  stm32g4xx_hal_flash.o(.text.FLASH_Program_Fast)
    [Anonymous Symbol]                       0x080005dc   Section        0  stm32g4xx_hal_flash.o(.text.FLASH_WaitForLastOperation)
    __arm_cp.1_0                             0x08000624   Number         4  stm32g4xx_hal_flash.o(.text.FLASH_WaitForLastOperation)
    [Anonymous Symbol]                       0x08000628   Section        0  stm32g4xx_hal_dma.o(.text.HAL_DMA_Abort_IT)
    [Anonymous Symbol]                       0x080006a0   Section        0  stm32g4xx_hal.o(.text.HAL_Delay)
    [Anonymous Symbol]                       0x080006c0   Section        0  stm32g4xx_hal_flash_ex.o(.text.HAL_FLASHEx_Erase)
    __arm_cp.0_1                             0x0800079c   Number         4  stm32g4xx_hal_flash_ex.o(.text.HAL_FLASHEx_Erase)
    [Anonymous Symbol]                       0x080007a0   Section        0  stm32g4xx_hal_flash.o(.text.HAL_FLASH_Lock)
    [Anonymous Symbol]                       0x080007b4   Section        0  stm32g4xx_hal_flash.o(.text.HAL_FLASH_Program)
    __arm_cp.0_0                             0x0800083c   Number         4  stm32g4xx_hal_flash.o(.text.HAL_FLASH_Program)
    __arm_cp.0_1                             0x08000840   Number         4  stm32g4xx_hal_flash.o(.text.HAL_FLASH_Program)
    [Anonymous Symbol]                       0x08000844   Section        0  stm32g4xx_hal_flash.o(.text.HAL_FLASH_Unlock)
    __arm_cp.7_0                             0x08000860   Number         4  stm32g4xx_hal_flash.o(.text.HAL_FLASH_Unlock)
    __arm_cp.7_1                             0x08000864   Number         4  stm32g4xx_hal_flash.o(.text.HAL_FLASH_Unlock)
    __arm_cp.7_2                             0x08000868   Number         4  stm32g4xx_hal_flash.o(.text.HAL_FLASH_Unlock)
    [Anonymous Symbol]                       0x0800086c   Section        0  main.o(.text.HAL_GPIO_EXTI_Callback)
    __arm_cp.1_1                             0x080008b0   Number         4  main.o(.text.HAL_GPIO_EXTI_Callback)
    [Anonymous Symbol]                       0x080008b4   Section        0  stm32g4xx_hal_gpio.o(.text.HAL_GPIO_EXTI_IRQHandler)
    __arm_cp.6_0                             0x080008c4   Number         4  stm32g4xx_hal_gpio.o(.text.HAL_GPIO_EXTI_IRQHandler)
    [Anonymous Symbol]                       0x080008c8   Section        0  stm32g4xx_hal_gpio.o(.text.HAL_GPIO_Init)
    __arm_cp.0_0                             0x08000a34   Number         4  stm32g4xx_hal_gpio.o(.text.HAL_GPIO_Init)
    __arm_cp.0_1                             0x08000a38   Number         4  stm32g4xx_hal_gpio.o(.text.HAL_GPIO_Init)
    __arm_cp.0_2                             0x08000a3c   Number         4  stm32g4xx_hal_gpio.o(.text.HAL_GPIO_Init)
    __arm_cp.0_3                             0x08000a40   Number         4  stm32g4xx_hal_gpio.o(.text.HAL_GPIO_Init)
    __arm_cp.0_4                             0x08000a44   Number         4  stm32g4xx_hal_gpio.o(.text.HAL_GPIO_Init)
    [Anonymous Symbol]                       0x08000a48   Section        0  stm32g4xx_hal_gpio.o(.text.HAL_GPIO_TogglePin)
    [Anonymous Symbol]                       0x08000a56   Section        0  stm32g4xx_hal_gpio.o(.text.HAL_GPIO_WritePin)
    [Anonymous Symbol]                       0x08000a64   Section        0  stm32g4xx_hal.o(.text.HAL_GetTick)
    [Anonymous Symbol]                       0x08000a6c   Section        0  stm32g4xx_hal.o(.text.HAL_IncTick)
    __arm_cp.5_0                             0x08000a7c   Number         4  stm32g4xx_hal.o(.text.HAL_IncTick)
    __arm_cp.5_1                             0x08000a80   Number         4  stm32g4xx_hal.o(.text.HAL_IncTick)
    [Anonymous Symbol]                       0x08000a84   Section        0  stm32g4xx_hal.o(.text.HAL_Init)
    [Anonymous Symbol]                       0x08000aa0   Section        0  stm32g4xx_hal.o(.text.HAL_InitTick)
    __arm_cp.1_0                             0x08000ae0   Number         4  stm32g4xx_hal.o(.text.HAL_InitTick)
    [Anonymous Symbol]                       0x08000ae4   Section        0  stm32g4xx_hal_msp.o(.text.HAL_MspInit)
    __arm_cp.0_0                             0x08000b1c   Number         4  stm32g4xx_hal_msp.o(.text.HAL_MspInit)
    __arm_cp.0_1                             0x08000b20   Number         4  stm32g4xx_hal_msp.o(.text.HAL_MspInit)
    [Anonymous Symbol]                       0x08000b24   Section        0  stm32g4xx_hal_cortex.o(.text.HAL_NVIC_EnableIRQ)
    __arm_cp.3_0                             0x08000b3c   Number         4  stm32g4xx_hal_cortex.o(.text.HAL_NVIC_EnableIRQ)
    [Anonymous Symbol]                       0x08000b40   Section        0  stm32g4xx_hal_cortex.o(.text.HAL_NVIC_SetPriority)
    [Anonymous Symbol]                       0x08000b78   Section        0  stm32g4xx_hal_cortex.o(.text.HAL_NVIC_SetPriorityGrouping)
    __arm_cp.0_0                             0x08000b90   Number         4  stm32g4xx_hal_cortex.o(.text.HAL_NVIC_SetPriorityGrouping)
    __arm_cp.0_1                             0x08000b94   Number         4  stm32g4xx_hal_cortex.o(.text.HAL_NVIC_SetPriorityGrouping)
    [Anonymous Symbol]                       0x08000b98   Section        0  stm32g4xx_hal_pwr_ex.o(.text.HAL_PWREx_ControlVoltageScaling)
    __arm_cp.1_0                             0x08000c44   Number         4  stm32g4xx_hal_pwr_ex.o(.text.HAL_PWREx_ControlVoltageScaling)
    __arm_cp.1_2                             0x08000c48   Number         4  stm32g4xx_hal_pwr_ex.o(.text.HAL_PWREx_ControlVoltageScaling)
    [Anonymous Symbol]                       0x08000c4c   Section        0  stm32g4xx_hal_rcc.o(.text.HAL_RCC_ClockConfig)
    __arm_cp.2_0                             0x08000e20   Number         4  stm32g4xx_hal_rcc.o(.text.HAL_RCC_ClockConfig)
    __arm_cp.2_2                             0x08000e24   Number         4  stm32g4xx_hal_rcc.o(.text.HAL_RCC_ClockConfig)
    __arm_cp.2_4                             0x08000e28   Number         4  stm32g4xx_hal_rcc.o(.text.HAL_RCC_ClockConfig)
    __arm_cp.2_5                             0x08000e2c   Number         4  stm32g4xx_hal_rcc.o(.text.HAL_RCC_ClockConfig)
    __arm_cp.2_6                             0x08000e30   Number         4  stm32g4xx_hal_rcc.o(.text.HAL_RCC_ClockConfig)
    [Anonymous Symbol]                       0x08000e34   Section        0  stm32g4xx_hal_rcc.o(.text.HAL_RCC_GetSysClockFreq)
    __arm_cp.3_0                             0x08000e90   Number         4  stm32g4xx_hal_rcc.o(.text.HAL_RCC_GetSysClockFreq)
    __arm_cp.3_1                             0x08000e94   Number         4  stm32g4xx_hal_rcc.o(.text.HAL_RCC_GetSysClockFreq)
    __arm_cp.3_2                             0x08000e98   Number         4  stm32g4xx_hal_rcc.o(.text.HAL_RCC_GetSysClockFreq)
    [Anonymous Symbol]                       0x08000e9c   Section        0  stm32g4xx_hal_rcc.o(.text.HAL_RCC_OscConfig)
    __arm_cp.1_6                             0x0800123c   Number         4  stm32g4xx_hal_rcc.o(.text.HAL_RCC_OscConfig)
    __arm_cp.1_1                             0x080012f0   Number         4  stm32g4xx_hal_rcc.o(.text.HAL_RCC_OscConfig)
    __arm_cp.1_2                             0x080012f4   Number         4  stm32g4xx_hal_rcc.o(.text.HAL_RCC_OscConfig)
    __arm_cp.1_3                             0x080012f8   Number         4  stm32g4xx_hal_rcc.o(.text.HAL_RCC_OscConfig)
    __arm_cp.1_4                             0x080012fc   Number         4  stm32g4xx_hal_rcc.o(.text.HAL_RCC_OscConfig)
    __arm_cp.1_5                             0x08001300   Number         4  stm32g4xx_hal_rcc.o(.text.HAL_RCC_OscConfig)
    [Anonymous Symbol]                       0x08001304   Section        0  stm32g4xx_hal_spi.o(.text.HAL_SPI_ErrorCallback)
    [Anonymous Symbol]                       0x08001308   Section        0  stm32g4xx_hal_spi.o(.text.HAL_SPI_IRQHandler)
    __arm_cp.42_0                            0x0800140c   Number         4  stm32g4xx_hal_spi.o(.text.HAL_SPI_IRQHandler)
    [Anonymous Symbol]                       0x08001410   Section        0  stm32g4xx_hal_spi.o(.text.HAL_SPI_Init)
    [Anonymous Symbol]                       0x080014b8   Section        0  spi.o(.text.HAL_SPI_MspInit)
    __arm_cp.1_0                             0x08001524   Number         4  spi.o(.text.HAL_SPI_MspInit)
    __arm_cp.1_1                             0x08001528   Number         4  spi.o(.text.HAL_SPI_MspInit)
    [Anonymous Symbol]                       0x0800152c   Section        0  stm32g4xx_hal_spi.o(.text.HAL_SPI_Receive)
    [Anonymous Symbol]                       0x0800168c   Section        0  stm32g4xx_hal_spi.o(.text.HAL_SPI_Receive_IT)
    __arm_cp.12_0                            0x0800174c   Number         4  stm32g4xx_hal_spi.o(.text.HAL_SPI_Receive_IT)
    __arm_cp.12_1                            0x08001750   Number         4  stm32g4xx_hal_spi.o(.text.HAL_SPI_Receive_IT)
    [Anonymous Symbol]                       0x08001754   Section        0  main.o(.text.HAL_SPI_RxCpltCallback)
    __arm_cp.0_0                             0x08001778   Number         4  main.o(.text.HAL_SPI_RxCpltCallback)
    __arm_cp.0_1                             0x0800177c   Number         4  main.o(.text.HAL_SPI_RxCpltCallback)
    [Anonymous Symbol]                       0x08001780   Section        0  stm32g4xx_hal_spi.o(.text.HAL_SPI_TransmitReceive)
    [Anonymous Symbol]                       0x080019d4   Section        0  stm32g4xx_hal_spi.o(.text.HAL_SPI_TransmitReceive_IT)
    __arm_cp.13_0                            0x08001a98   Number         4  stm32g4xx_hal_spi.o(.text.HAL_SPI_TransmitReceive_IT)
    __arm_cp.13_1                            0x08001a9c   Number         4  stm32g4xx_hal_spi.o(.text.HAL_SPI_TransmitReceive_IT)
    __arm_cp.13_2                            0x08001aa0   Number         4  stm32g4xx_hal_spi.o(.text.HAL_SPI_TransmitReceive_IT)
    __arm_cp.13_3                            0x08001aa4   Number         4  stm32g4xx_hal_spi.o(.text.HAL_SPI_TransmitReceive_IT)
    [Anonymous Symbol]                       0x08001aa8   Section        0  stm32g4xx_hal_spi.o(.text.HAL_SPI_TxRxCpltCallback)
    [Anonymous Symbol]                       0x08001aac   Section        0  stm32g4xx_hal_cortex.o(.text.HAL_SYSTICK_Config)
    __arm_cp.7_0                             0x08001acc   Number         4  stm32g4xx_hal_cortex.o(.text.HAL_SYSTICK_Config)
    __arm_cp.7_1                             0x08001ad0   Number         4  stm32g4xx_hal_cortex.o(.text.HAL_SYSTICK_Config)
    [Anonymous Symbol]                       0x08001ad4   Section        0  stm32g4xx_it.o(.text.HardFault_Handler)
    [Anonymous Symbol]                       0x08001ad8   Section        0  stm32g4xx_ll_tim.o(.text.LL_TIM_Init)
    __arm_cp.2_1                             0x08001b6c   Number         4  stm32g4xx_ll_tim.o(.text.LL_TIM_Init)
    __arm_cp.2_2                             0x08001b70   Number         4  stm32g4xx_ll_tim.o(.text.LL_TIM_Init)
    __arm_cp.2_3                             0x08001b74   Number         4  stm32g4xx_ll_tim.o(.text.LL_TIM_Init)
    __arm_cp.2_4                             0x08001b78   Number         4  stm32g4xx_ll_tim.o(.text.LL_TIM_Init)
    __arm_cp.2_5                             0x08001b7c   Number         4  stm32g4xx_ll_tim.o(.text.LL_TIM_Init)
    __arm_cp.2_6                             0x08001b80   Number         4  stm32g4xx_ll_tim.o(.text.LL_TIM_Init)
    __arm_cp.2_7                             0x08001b84   Number         4  stm32g4xx_ll_tim.o(.text.LL_TIM_Init)
    [Anonymous Symbol]                       0x08001b88   Section        0  gpio.o(.text.MX_GPIO_Init)
    __arm_cp.0_0                             0x08001c8c   Number         4  gpio.o(.text.MX_GPIO_Init)
    __arm_cp.0_1                             0x08001c90   Number         4  gpio.o(.text.MX_GPIO_Init)
    __arm_cp.0_2                             0x08001c94   Number         4  gpio.o(.text.MX_GPIO_Init)
    __arm_cp.0_3                             0x08001c98   Number         4  gpio.o(.text.MX_GPIO_Init)
    [Anonymous Symbol]                       0x08001c9c   Section        0  spi.o(.text.MX_SPI1_Init)
    __arm_cp.0_1                             0x08001cd4   Number         4  spi.o(.text.MX_SPI1_Init)
    [Anonymous Symbol]                       0x08001cd8   Section        0  tim.o(.text.MX_TIM3_Init)
    __arm_cp.0_0                             0x08001d4c   Number         4  tim.o(.text.MX_TIM3_Init)
    __arm_cp.0_1                             0x08001d50   Number         4  tim.o(.text.MX_TIM3_Init)
    __arm_cp.0_2                             0x08001d54   Number         4  tim.o(.text.MX_TIM3_Init)
    __arm_cp.0_3                             0x08001d58   Number         4  tim.o(.text.MX_TIM3_Init)
    __arm_cp.0_4                             0x08001d5c   Number         4  tim.o(.text.MX_TIM3_Init)
    __arm_cp.0_5                             0x08001d60   Number         4  tim.o(.text.MX_TIM3_Init)
    __arm_cp.0_6                             0x08001d64   Number         4  tim.o(.text.MX_TIM3_Init)
    [Anonymous Symbol]                       0x08001d68   Section        0  stm32g4xx_it.o(.text.MemManage_Handler)
    [Anonymous Symbol]                       0x08001d6a   Section        0  stm32g4xx_it.o(.text.NMI_Handler)
    [Anonymous Symbol]                       0x08001d6c   Section        0  stm32g4xx_it.o(.text.PendSV_Handler)
    [Anonymous Symbol]                       0x08001d70   Section        0  stm32g4xx_it.o(.text.SPI1_IRQHandler)
    __arm_cp.11_0                            0x08001d78   Number         4  stm32g4xx_it.o(.text.SPI1_IRQHandler)
    SPI_2linesRxISR_16BIT                    0x08001d7d   Thumb Code    46  stm32g4xx_hal_spi.o(.text.SPI_2linesRxISR_16BIT)
    [Anonymous Symbol]                       0x08001d7c   Section        0  stm32g4xx_hal_spi.o(.text.SPI_2linesRxISR_16BIT)
    SPI_2linesRxISR_8BIT                     0x08001dab   Thumb Code    96  stm32g4xx_hal_spi.o(.text.SPI_2linesRxISR_8BIT)
    [Anonymous Symbol]                       0x08001daa   Section        0  stm32g4xx_hal_spi.o(.text.SPI_2linesRxISR_8BIT)
    SPI_2linesTxISR_16BIT                    0x08001e0b   Thumb Code    42  stm32g4xx_hal_spi.o(.text.SPI_2linesTxISR_16BIT)
    [Anonymous Symbol]                       0x08001e0a   Section        0  stm32g4xx_hal_spi.o(.text.SPI_2linesTxISR_16BIT)
    SPI_2linesTxISR_8BIT                     0x08001e35   Thumb Code    72  stm32g4xx_hal_spi.o(.text.SPI_2linesTxISR_8BIT)
    [Anonymous Symbol]                       0x08001e34   Section        0  stm32g4xx_hal_spi.o(.text.SPI_2linesTxISR_8BIT)
    SPI_CloseRxTx_ISR                        0x08001e7d   Thumb Code    86  stm32g4xx_hal_spi.o(.text.SPI_CloseRxTx_ISR)
    [Anonymous Symbol]                       0x08001e7c   Section        0  stm32g4xx_hal_spi.o(.text.SPI_CloseRxTx_ISR)
    SPI_CloseRx_ISR                          0x08001ed3   Thumb Code    64  stm32g4xx_hal_spi.o(.text.SPI_CloseRx_ISR)
    [Anonymous Symbol]                       0x08001ed2   Section        0  stm32g4xx_hal_spi.o(.text.SPI_CloseRx_ISR)
    SPI_DMAAbortOnError                      0x08001f13   Thumb Code    14  stm32g4xx_hal_spi.o(.text.SPI_DMAAbortOnError)
    [Anonymous Symbol]                       0x08001f12   Section        0  stm32g4xx_hal_spi.o(.text.SPI_DMAAbortOnError)
    SPI_EndRxTransaction                     0x08001f21   Thumb Code   108  stm32g4xx_hal_spi.o(.text.SPI_EndRxTransaction)
    [Anonymous Symbol]                       0x08001f20   Section        0  stm32g4xx_hal_spi.o(.text.SPI_EndRxTransaction)
    SPI_EndRxTxTransaction                   0x08001f8d   Thumb Code    66  stm32g4xx_hal_spi.o(.text.SPI_EndRxTxTransaction)
    [Anonymous Symbol]                       0x08001f8c   Section        0  stm32g4xx_hal_spi.o(.text.SPI_EndRxTxTransaction)
    SPI_RxISR_16BIT                          0x08001fcf   Thumb Code    34  stm32g4xx_hal_spi.o(.text.SPI_RxISR_16BIT)
    [Anonymous Symbol]                       0x08001fce   Section        0  stm32g4xx_hal_spi.o(.text.SPI_RxISR_16BIT)
    SPI_RxISR_8BIT                           0x08001ff1   Thumb Code    36  stm32g4xx_hal_spi.o(.text.SPI_RxISR_8BIT)
    [Anonymous Symbol]                       0x08001ff0   Section        0  stm32g4xx_hal_spi.o(.text.SPI_RxISR_8BIT)
    SPI_WaitFifoStateUntilTimeout            0x08002015   Thumb Code   134  stm32g4xx_hal_spi.o(.text.SPI_WaitFifoStateUntilTimeout)
    [Anonymous Symbol]                       0x08002014   Section        0  stm32g4xx_hal_spi.o(.text.SPI_WaitFifoStateUntilTimeout)
    SPI_WaitFlagStateUntilTimeout            0x0800209b   Thumb Code   116  stm32g4xx_hal_spi.o(.text.SPI_WaitFlagStateUntilTimeout)
    [Anonymous Symbol]                       0x0800209a   Section        0  stm32g4xx_hal_spi.o(.text.SPI_WaitFlagStateUntilTimeout)
    [Anonymous Symbol]                       0x0800210e   Section        0  stm32g4xx_it.o(.text.SVC_Handler)
    [Anonymous Symbol]                       0x08002110   Section        0  main.o(.text.SaveWheelParam)
    [Anonymous Symbol]                       0x08002158   Section        0  stm32g4xx_it.o(.text.SysTick_Handler)
    [Anonymous Symbol]                       0x0800215c   Section        0  main.o(.text.SystemClock_Config)
    [Anonymous Symbol]                       0x080021b0   Section        0  system_stm32g4xx.o(.text.SystemInit)
    __arm_cp.0_0                             0x080021c8   Number         4  system_stm32g4xx.o(.text.SystemInit)
    [Anonymous Symbol]                       0x080021cc   Section        0  stm32g4xx_it.o(.text.TIM3_IRQHandler)
    [Anonymous Symbol]                       0x080021ec   Section        0  stm32g4xx_it.o(.text.UsageFault_Handler)
    __NVIC_SetPriority                       0x080021f1   Thumb Code    36  stm32g4xx_hal_cortex.o(.text.__NVIC_SetPriority)
    [Anonymous Symbol]                       0x080021f0   Section        0  stm32g4xx_hal_cortex.o(.text.__NVIC_SetPriority)
    __arm_cp.2_0                             0x0800220c   Number         4  stm32g4xx_hal_cortex.o(.text.__NVIC_SetPriority)
    __arm_cp.2_1                             0x08002210   Number         4  stm32g4xx_hal_cortex.o(.text.__NVIC_SetPriority)
    [Anonymous Symbol]                       0x08002218   Section        0  main.o(.text.diameter)
    [Anonymous Symbol]                       0x08002240   Section        0  main.o(.text.main)
    __arm_cp.6_0                             0x08002358   Number         4  main.o(.text.main)
    __arm_cp.6_1                             0x0800235c   Number         4  main.o(.text.main)
    __arm_cp.6_2                             0x08002360   Number         4  main.o(.text.main)
    __arm_cp.6_3                             0x08002364   Number         4  main.o(.text.main)
    __arm_cp.6_4                             0x08002368   Number         4  main.o(.text.main)
    __arm_cp.6_5                             0x0800236c   Number         4  main.o(.text.main)
    __arm_cp.6_6                             0x08002370   Number         4  main.o(.text.main)
    __arm_cp.6_7                             0x08002374   Number         4  main.o(.text.main)
    i.__scatterload_copy                     0x08002378   Section       14  handlers.o(i.__scatterload_copy)
    i.__scatterload_null                     0x08002386   Section        2  handlers.o(i.__scatterload_null)
    i.__scatterload_zeroinit                 0x08002388   Section       14  handlers.o(i.__scatterload_zeroinit)
    [Anonymous Symbol]                       0x20000000   Section        0  stm32g4xx_hal.o(.data..L_MergedGlobals)
    [Anonymous Symbol]                       0x20000030   Section        0  main.o(.bss..L_MergedGlobals)
    STACK                                    0x200000b0   Section     1024  startup_stm32g431xx.o(STACK)

    Global Symbols

    Symbol Name                              Value     Ov Type        Size  Object(Section)

    BuildAttributes$$THM_ISAv4$E$P$D$K$B$S$7EM$VFPi3$EXTD16$VFPS$VFMA$PE$A:L22UL41UL21$X:L11$S22US41US21$IEEE1$IW$~IW$USESV6$~STKCKD$USESV7$~SHL$OTIME$ROPI$EBA8$MICROLIB$REQ8$PRES8$EABIv2 0x00000000   Number         0  anon$$obj.o ABSOLUTE
    __cpp_initialize__aeabi_                  - Undefined Weak Reference
    __cxa_finalize                            - Undefined Weak Reference
    __decompress                              - Undefined Weak Reference
    _clock_init                               - Undefined Weak Reference
    _microlib_exit                            - Undefined Weak Reference
    __Vectors_Size                           0x000001d8   Number         0  startup_stm32g431xx.o ABSOLUTE
    __Vectors                                0x08000000   Data           4  startup_stm32g431xx.o(RESET)
    __Vectors_End                            0x080001d8   Data           0  startup_stm32g431xx.o(RESET)
    __main                                   0x080001d9   Thumb Code     0  entry.o(.ARM.Collect$$$$00000000)
    _main_stk                                0x080001d9   Thumb Code     0  entry2.o(.ARM.Collect$$$$00000001)
    _main_scatterload                        0x080001dd   Thumb Code     0  entry5.o(.ARM.Collect$$$$00000004)
    __main_after_scatterload                 0x080001e1   Thumb Code     0  entry5.o(.ARM.Collect$$$$00000004)
    _main_clock                              0x080001e1   Thumb Code     0  entry7b.o(.ARM.Collect$$$$00000008)
    _main_cpp_init                           0x080001e1   Thumb Code     0  entry8b.o(.ARM.Collect$$$$0000000A)
    _main_init                               0x080001e1   Thumb Code     0  entry9a.o(.ARM.Collect$$$$0000000B)
    __rt_final_cpp                           0x080001e9   Thumb Code     0  entry10a.o(.ARM.Collect$$$$0000000D)
    __rt_final_exit                          0x080001e9   Thumb Code     0  entry11a.o(.ARM.Collect$$$$0000000F)
    Reset_Handler                            0x080001ed   Thumb Code     8  startup_stm32g431xx.o(.text)
    ADC1_2_IRQHandler                        0x08000207   Thumb Code     0  startup_stm32g431xx.o(.text)
    COMP1_2_3_IRQHandler                     0x08000207   Thumb Code     0  startup_stm32g431xx.o(.text)
    COMP4_IRQHandler                         0x08000207   Thumb Code     0  startup_stm32g431xx.o(.text)
    CORDIC_IRQHandler                        0x08000207   Thumb Code     0  startup_stm32g431xx.o(.text)
    CRS_IRQHandler                           0x08000207   Thumb Code     0  startup_stm32g431xx.o(.text)
    DMA1_Channel1_IRQHandler                 0x08000207   Thumb Code     0  startup_stm32g431xx.o(.text)
    DMA1_Channel2_IRQHandler                 0x08000207   Thumb Code     0  startup_stm32g431xx.o(.text)
    DMA1_Channel3_IRQHandler                 0x08000207   Thumb Code     0  startup_stm32g431xx.o(.text)
    DMA1_Channel4_IRQHandler                 0x08000207   Thumb Code     0  startup_stm32g431xx.o(.text)
    DMA1_Channel5_IRQHandler                 0x08000207   Thumb Code     0  startup_stm32g431xx.o(.text)
    DMA1_Channel6_IRQHandler                 0x08000207   Thumb Code     0  startup_stm32g431xx.o(.text)
    DMA2_Channel1_IRQHandler                 0x08000207   Thumb Code     0  startup_stm32g431xx.o(.text)
    DMA2_Channel2_IRQHandler                 0x08000207   Thumb Code     0  startup_stm32g431xx.o(.text)
    DMA2_Channel3_IRQHandler                 0x08000207   Thumb Code     0  startup_stm32g431xx.o(.text)
    DMA2_Channel4_IRQHandler                 0x08000207   Thumb Code     0  startup_stm32g431xx.o(.text)
    DMA2_Channel5_IRQHandler                 0x08000207   Thumb Code     0  startup_stm32g431xx.o(.text)
    DMA2_Channel6_IRQHandler                 0x08000207   Thumb Code     0  startup_stm32g431xx.o(.text)
    DMAMUX_OVR_IRQHandler                    0x08000207   Thumb Code     0  startup_stm32g431xx.o(.text)
    EXTI0_IRQHandler                         0x08000207   Thumb Code     0  startup_stm32g431xx.o(.text)
    EXTI15_10_IRQHandler                     0x08000207   Thumb Code     0  startup_stm32g431xx.o(.text)
    EXTI1_IRQHandler                         0x08000207   Thumb Code     0  startup_stm32g431xx.o(.text)
    EXTI2_IRQHandler                         0x08000207   Thumb Code     0  startup_stm32g431xx.o(.text)
    EXTI3_IRQHandler                         0x08000207   Thumb Code     0  startup_stm32g431xx.o(.text)
    EXTI4_IRQHandler                         0x08000207   Thumb Code     0  startup_stm32g431xx.o(.text)
    FDCAN1_IT0_IRQHandler                    0x08000207   Thumb Code     0  startup_stm32g431xx.o(.text)
    FDCAN1_IT1_IRQHandler                    0x08000207   Thumb Code     0  startup_stm32g431xx.o(.text)
    FLASH_IRQHandler                         0x08000207   Thumb Code     0  startup_stm32g431xx.o(.text)
    FMAC_IRQHandler                          0x08000207   Thumb Code     0  startup_stm32g431xx.o(.text)
    FPU_IRQHandler                           0x08000207   Thumb Code     0  startup_stm32g431xx.o(.text)
    I2C1_ER_IRQHandler                       0x08000207   Thumb Code     0  startup_stm32g431xx.o(.text)
    I2C1_EV_IRQHandler                       0x08000207   Thumb Code     0  startup_stm32g431xx.o(.text)
    I2C2_ER_IRQHandler                       0x08000207   Thumb Code     0  startup_stm32g431xx.o(.text)
    I2C2_EV_IRQHandler                       0x08000207   Thumb Code     0  startup_stm32g431xx.o(.text)
    I2C3_ER_IRQHandler                       0x08000207   Thumb Code     0  startup_stm32g431xx.o(.text)
    I2C3_EV_IRQHandler                       0x08000207   Thumb Code     0  startup_stm32g431xx.o(.text)
    LPTIM1_IRQHandler                        0x08000207   Thumb Code     0  startup_stm32g431xx.o(.text)
    LPUART1_IRQHandler                       0x08000207   Thumb Code     0  startup_stm32g431xx.o(.text)
    PVD_PVM_IRQHandler                       0x08000207   Thumb Code     0  startup_stm32g431xx.o(.text)
    RCC_IRQHandler                           0x08000207   Thumb Code     0  startup_stm32g431xx.o(.text)
    RNG_IRQHandler                           0x08000207   Thumb Code     0  startup_stm32g431xx.o(.text)
    RTC_Alarm_IRQHandler                     0x08000207   Thumb Code     0  startup_stm32g431xx.o(.text)
    RTC_TAMP_LSECSS_IRQHandler               0x08000207   Thumb Code     0  startup_stm32g431xx.o(.text)
    RTC_WKUP_IRQHandler                      0x08000207   Thumb Code     0  startup_stm32g431xx.o(.text)
    SAI1_IRQHandler                          0x08000207   Thumb Code     0  startup_stm32g431xx.o(.text)
    SPI2_IRQHandler                          0x08000207   Thumb Code     0  startup_stm32g431xx.o(.text)
    SPI3_IRQHandler                          0x08000207   Thumb Code     0  startup_stm32g431xx.o(.text)
    TIM1_BRK_TIM15_IRQHandler                0x08000207   Thumb Code     0  startup_stm32g431xx.o(.text)
    TIM1_CC_IRQHandler                       0x08000207   Thumb Code     0  startup_stm32g431xx.o(.text)
    TIM1_TRG_COM_TIM17_IRQHandler            0x08000207   Thumb Code     0  startup_stm32g431xx.o(.text)
    TIM1_UP_TIM16_IRQHandler                 0x08000207   Thumb Code     0  startup_stm32g431xx.o(.text)
    TIM2_IRQHandler                          0x08000207   Thumb Code     0  startup_stm32g431xx.o(.text)
    TIM4_IRQHandler                          0x08000207   Thumb Code     0  startup_stm32g431xx.o(.text)
    TIM6_DAC_IRQHandler                      0x08000207   Thumb Code     0  startup_stm32g431xx.o(.text)
    TIM7_DAC_IRQHandler                      0x08000207   Thumb Code     0  startup_stm32g431xx.o(.text)
    TIM8_BRK_IRQHandler                      0x08000207   Thumb Code     0  startup_stm32g431xx.o(.text)
    TIM8_CC_IRQHandler                       0x08000207   Thumb Code     0  startup_stm32g431xx.o(.text)
    TIM8_TRG_COM_IRQHandler                  0x08000207   Thumb Code     0  startup_stm32g431xx.o(.text)
    TIM8_UP_IRQHandler                       0x08000207   Thumb Code     0  startup_stm32g431xx.o(.text)
    UART4_IRQHandler                         0x08000207   Thumb Code     0  startup_stm32g431xx.o(.text)
    UCPD1_IRQHandler                         0x08000207   Thumb Code     0  startup_stm32g431xx.o(.text)
    USART1_IRQHandler                        0x08000207   Thumb Code     0  startup_stm32g431xx.o(.text)
    USART2_IRQHandler                        0x08000207   Thumb Code     0  startup_stm32g431xx.o(.text)
    USART3_IRQHandler                        0x08000207   Thumb Code     0  startup_stm32g431xx.o(.text)
    USBWakeUp_IRQHandler                     0x08000207   Thumb Code     0  startup_stm32g431xx.o(.text)
    USB_HP_IRQHandler                        0x08000207   Thumb Code     0  startup_stm32g431xx.o(.text)
    USB_LP_IRQHandler                        0x08000207   Thumb Code     0  startup_stm32g431xx.o(.text)
    WWDG_IRQHandler                          0x08000207   Thumb Code     0  startup_stm32g431xx.o(.text)
    __aeabi_memset                           0x08000211   Thumb Code    14  memseta.o(.text)
    __aeabi_memset4                          0x08000211   Thumb Code     0  memseta.o(.text)
    __aeabi_memset8                          0x08000211   Thumb Code     0  memseta.o(.text)
    __aeabi_memclr                           0x0800021f   Thumb Code     4  memseta.o(.text)
    __aeabi_memclr4                          0x0800021f   Thumb Code     0  memseta.o(.text)
    __aeabi_memclr8                          0x0800021f   Thumb Code     0  memseta.o(.text)
    _memset$wrapper                          0x08000223   Thumb Code    18  memseta.o(.text)
    __aeabi_dmul                             0x08000235   Thumb Code   228  dmul.o(.text)
    __aeabi_f2d                              0x08000319   Thumb Code    38  f2d.o(.text)
    __aeabi_d2f                              0x0800033f   Thumb Code    56  d2f.o(.text)
    __I$use$fp                               0x08000377   Thumb Code     0  iusefp.o(.text)
    _float_round                             0x08000377   Thumb Code    18  fepilogue.o(.text)
    _float_epilogue                          0x08000389   Thumb Code    92  fepilogue.o(.text)
    _double_round                            0x080003e5   Thumb Code    30  depilogue.o(.text)
    _double_epilogue                         0x08000403   Thumb Code   156  depilogue.o(.text)
    __scatterload                            0x080004a1   Thumb Code    28  init.o(.text)
    __scatterload_rt2                        0x080004a1   Thumb Code     0  init.o(.text)
    __aeabi_llsl                             0x080004c5   Thumb Code    30  llshl.o(.text)
    _ll_shift_l                              0x080004c5   Thumb Code     0  llshl.o(.text)
    __aeabi_llsr                             0x080004e3   Thumb Code    32  llushr.o(.text)
    _ll_ushift_r                             0x080004e3   Thumb Code     0  llushr.o(.text)
    BusFault_Handler                         0x08000503   Thumb Code     2  stm32g4xx_it.o(.text.BusFault_Handler)
    DebugMon_Handler                         0x08000505   Thumb Code     2  stm32g4xx_it.o(.text.DebugMon_Handler)
    EXTI9_5_IRQHandler                       0x08000509   Thumb Code    28  stm32g4xx_it.o(.text.EXTI9_5_IRQHandler)
    Error_Handler                            0x08000525   Thumb Code     2  main.o(.text.Error_Handler)
    FLASH_FlushCaches                        0x08000529   Thumb Code    80  stm32g4xx_hal_flash_ex.o(.text.FLASH_FlushCaches)
    FLASH_PageErase                          0x08000591   Thumb Code    36  stm32g4xx_hal_flash_ex.o(.text.FLASH_PageErase)
    FLASH_WaitForLastOperation               0x080005dd   Thumb Code    76  stm32g4xx_hal_flash.o(.text.FLASH_WaitForLastOperation)
    HAL_DMA_Abort_IT                         0x08000629   Thumb Code   118  stm32g4xx_hal_dma.o(.text.HAL_DMA_Abort_IT)
    HAL_Delay                                0x080006a1   Thumb Code    32  stm32g4xx_hal.o(.text.HAL_Delay)
    HAL_FLASHEx_Erase                        0x080006c1   Thumb Code   224  stm32g4xx_hal_flash_ex.o(.text.HAL_FLASHEx_Erase)
    HAL_FLASH_Lock                           0x080007a1   Thumb Code    20  stm32g4xx_hal_flash.o(.text.HAL_FLASH_Lock)
    HAL_FLASH_Program                        0x080007b5   Thumb Code   144  stm32g4xx_hal_flash.o(.text.HAL_FLASH_Program)
    HAL_FLASH_Unlock                         0x08000845   Thumb Code    40  stm32g4xx_hal_flash.o(.text.HAL_FLASH_Unlock)
    HAL_GPIO_EXTI_Callback                   0x0800086d   Thumb Code    72  main.o(.text.HAL_GPIO_EXTI_Callback)
    HAL_GPIO_EXTI_IRQHandler                 0x080008b5   Thumb Code    20  stm32g4xx_hal_gpio.o(.text.HAL_GPIO_EXTI_IRQHandler)
    HAL_GPIO_Init                            0x080008c9   Thumb Code   384  stm32g4xx_hal_gpio.o(.text.HAL_GPIO_Init)
    HAL_GPIO_TogglePin                       0x08000a49   Thumb Code    14  stm32g4xx_hal_gpio.o(.text.HAL_GPIO_TogglePin)
    HAL_GPIO_WritePin                        0x08000a57   Thumb Code    12  stm32g4xx_hal_gpio.o(.text.HAL_GPIO_WritePin)
    HAL_GetTick                              0x08000a65   Thumb Code     8  stm32g4xx_hal.o(.text.HAL_GetTick)
    HAL_IncTick                              0x08000a6d   Thumb Code    24  stm32g4xx_hal.o(.text.HAL_IncTick)
    HAL_Init                                 0x08000a85   Thumb Code    28  stm32g4xx_hal.o(.text.HAL_Init)
    HAL_InitTick                             0x08000aa1   Thumb Code    68  stm32g4xx_hal.o(.text.HAL_InitTick)
    HAL_MspInit                              0x08000ae5   Thumb Code    64  stm32g4xx_hal_msp.o(.text.HAL_MspInit)
    HAL_NVIC_EnableIRQ                       0x08000b25   Thumb Code    28  stm32g4xx_hal_cortex.o(.text.HAL_NVIC_EnableIRQ)
    HAL_NVIC_SetPriority                     0x08000b41   Thumb Code    56  stm32g4xx_hal_cortex.o(.text.HAL_NVIC_SetPriority)
    HAL_NVIC_SetPriorityGrouping             0x08000b79   Thumb Code    32  stm32g4xx_hal_cortex.o(.text.HAL_NVIC_SetPriorityGrouping)
    HAL_PWREx_ControlVoltageScaling          0x08000b99   Thumb Code   180  stm32g4xx_hal_pwr_ex.o(.text.HAL_PWREx_ControlVoltageScaling)
    HAL_RCC_ClockConfig                      0x08000c4d   Thumb Code   488  stm32g4xx_hal_rcc.o(.text.HAL_RCC_ClockConfig)
    HAL_RCC_GetSysClockFreq                  0x08000e35   Thumb Code   104  stm32g4xx_hal_rcc.o(.text.HAL_RCC_GetSysClockFreq)
    HAL_RCC_OscConfig                        0x08000e9d   Thumb Code  1128  stm32g4xx_hal_rcc.o(.text.HAL_RCC_OscConfig)
    HAL_SPI_ErrorCallback                    0x08001305   Thumb Code     2  stm32g4xx_hal_spi.o(.text.HAL_SPI_ErrorCallback)
    HAL_SPI_IRQHandler                       0x08001309   Thumb Code   264  stm32g4xx_hal_spi.o(.text.HAL_SPI_IRQHandler)
    HAL_SPI_Init                             0x08001411   Thumb Code   166  stm32g4xx_hal_spi.o(.text.HAL_SPI_Init)
    HAL_SPI_MspInit                          0x080014b9   Thumb Code   116  spi.o(.text.HAL_SPI_MspInit)
    HAL_SPI_Receive                          0x0800152d   Thumb Code   350  stm32g4xx_hal_spi.o(.text.HAL_SPI_Receive)
    HAL_SPI_Receive_IT                       0x0800168d   Thumb Code   200  stm32g4xx_hal_spi.o(.text.HAL_SPI_Receive_IT)
    HAL_SPI_RxCpltCallback                   0x08001755   Thumb Code    44  main.o(.text.HAL_SPI_RxCpltCallback)
    HAL_SPI_TransmitReceive                  0x08001781   Thumb Code   594  stm32g4xx_hal_spi.o(.text.HAL_SPI_TransmitReceive)
    HAL_SPI_TransmitReceive_IT               0x080019d5   Thumb Code   212  stm32g4xx_hal_spi.o(.text.HAL_SPI_TransmitReceive_IT)
    HAL_SPI_TxRxCpltCallback                 0x08001aa9   Thumb Code     2  stm32g4xx_hal_spi.o(.text.HAL_SPI_TxRxCpltCallback)
    HAL_SYSTICK_Config                       0x08001aad   Thumb Code    40  stm32g4xx_hal_cortex.o(.text.HAL_SYSTICK_Config)
    HardFault_Handler                        0x08001ad5   Thumb Code     2  stm32g4xx_it.o(.text.HardFault_Handler)
    LL_TIM_Init                              0x08001ad9   Thumb Code   176  stm32g4xx_ll_tim.o(.text.LL_TIM_Init)
    MX_GPIO_Init                             0x08001b89   Thumb Code   276  gpio.o(.text.MX_GPIO_Init)
    MX_SPI1_Init                             0x08001c9d   Thumb Code    60  spi.o(.text.MX_SPI1_Init)
    MX_TIM3_Init                             0x08001cd9   Thumb Code   144  tim.o(.text.MX_TIM3_Init)
    MemManage_Handler                        0x08001d69   Thumb Code     2  stm32g4xx_it.o(.text.MemManage_Handler)
    NMI_Handler                              0x08001d6b   Thumb Code     2  stm32g4xx_it.o(.text.NMI_Handler)
    PendSV_Handler                           0x08001d6d   Thumb Code     2  stm32g4xx_it.o(.text.PendSV_Handler)
    SPI1_IRQHandler                          0x08001d71   Thumb Code    12  stm32g4xx_it.o(.text.SPI1_IRQHandler)
    SVC_Handler                              0x0800210f   Thumb Code     2  stm32g4xx_it.o(.text.SVC_Handler)
    SaveWheelParam                           0x08002111   Thumb Code    72  main.o(.text.SaveWheelParam)
    SysTick_Handler                          0x08002159   Thumb Code     4  stm32g4xx_it.o(.text.SysTick_Handler)
    SystemClock_Config                       0x0800215d   Thumb Code    84  main.o(.text.SystemClock_Config)
    SystemInit                               0x080021b1   Thumb Code    28  system_stm32g4xx.o(.text.SystemInit)
    TIM3_IRQHandler                          0x080021cd   Thumb Code    32  stm32g4xx_it.o(.text.TIM3_IRQHandler)
    UsageFault_Handler                       0x080021ed   Thumb Code     2  stm32g4xx_it.o(.text.UsageFault_Handler)
    diameter                                 0x08002219   Thumb Code    40  main.o(.text.diameter)
    main                                     0x08002241   Thumb Code   312  main.o(.text.main)
    __scatterload_copy                       0x08002379   Thumb Code    14  handlers.o(i.__scatterload_copy)
    __scatterload_null                       0x08002387   Thumb Code     2  handlers.o(i.__scatterload_null)
    __scatterload_zeroinit                   0x08002389   Thumb Code    14  handlers.o(i.__scatterload_zeroinit)
    AHBPrescTable                            0x08002396   Data          16  system_stm32g4xx.o(.rodata.AHBPrescTable)
    Region$$Table$$Base                      0x080023a8   Number         0  anon$$obj.o(Region$$Table)
    Region$$Table$$Limit                     0x080023c8   Number         0  anon$$obj.o(Region$$Table)
    uwTickPrio                               0x20000000   Data           4  stm32g4xx_hal.o(.data..L_MergedGlobals)
    uwTickFreq                               0x20000004   Data           4  stm32g4xx_hal.o(.data..L_MergedGlobals)
    SystemCoreClock                          0x20000008   Data           4  system_stm32g4xx.o(.data.SystemCoreClock)
    encoderTargetCount                       0x2000000c   Data           4  main.o(.data.encoderTargetCount)
    pFlash                                   0x20000010   Data          32  stm32g4xx_hal_flash.o(.data.pFlash)
    A_PLS_CNT                                0x20000030   Data           4  main.o(.bss..L_MergedGlobals)
    B_PLS_CNT                                0x20000034   Data           4  main.o(.bss..L_MergedGlobals)
    goFlag                                   0x20000038   Data           4  main.o(.bss..L_MergedGlobals)
    wP                                       0x2000003c   Data          12  main.o(.bss..L_MergedGlobals)
    hspi1                                    0x20000048   Data         100  spi.o(.bss.hspi1)
    uwTick                                   0x200000ac   Data           4  stm32g4xx_hal.o(.bss.uwTick)
    __initial_sp                             0x200004b0   Data           0  startup_stm32g431xx.o(STACK)



==============================================================================

Memory Map of the image

  Image Entry point : 0x080001d9

  Load Region LR_IROM1 (Base: 0x08000000, Size: 0x000023f8, Max: 0x00020000, ABSOLUTE)

    Execution Region ER_IROM1 (Exec base: 0x08000000, Load base: 0x08000000, Size: 0x000023c8, Max: 0x00020000, ABSOLUTE)

    Exec Addr    Load Addr    Size         Type   Attr      Idx    E Section Name        Object

    0x08000000   0x08000000   0x000001d8   Data   RO            3    RESET               startup_stm32g431xx.o
    0x080001d8   0x080001d8   0x00000000   Code   RO          878  * .ARM.Collect$$$$00000000  mc_w.l(entry.o)
    0x080001d8   0x080001d8   0x00000004   Code   RO          889    .ARM.Collect$$$$00000001  mc_w.l(entry2.o)
    0x080001dc   0x080001dc   0x00000004   Code   RO          892    .ARM.Collect$$$$00000004  mc_w.l(entry5.o)
    0x080001e0   0x080001e0   0x00000000   Code   RO          894    .ARM.Collect$$$$00000008  mc_w.l(entry7b.o)
    0x080001e0   0x080001e0   0x00000000   Code   RO          896    .ARM.Collect$$$$0000000A  mc_w.l(entry8b.o)
    0x080001e0   0x080001e0   0x00000008   Code   RO          897    .ARM.Collect$$$$0000000B  mc_w.l(entry9a.o)
    0x080001e8   0x080001e8   0x00000000   Code   RO          899    .ARM.Collect$$$$0000000D  mc_w.l(entry10a.o)
    0x080001e8   0x080001e8   0x00000000   Code   RO          901    .ARM.Collect$$$$0000000F  mc_w.l(entry11a.o)
    0x080001e8   0x080001e8   0x00000004   Code   RO          890    .ARM.Collect$$$$00002712  mc_w.l(entry2.o)
    0x080001ec   0x080001ec   0x00000024   Code   RO            4    .text               startup_stm32g431xx.o
    0x08000210   0x08000210   0x00000024   Code   RO          881    .text               mc_w.l(memseta.o)
    0x08000234   0x08000234   0x000000e4   Code   RO          883    .text               mf_w.l(dmul.o)
    0x08000318   0x08000318   0x00000026   Code   RO          885    .text               mf_w.l(f2d.o)
    0x0800033e   0x0800033e   0x00000038   Code   RO          887    .text               mf_w.l(d2f.o)
    0x08000376   0x08000376   0x00000000   Code   RO          903    .text               mc_w.l(iusefp.o)
    0x08000376   0x08000376   0x0000006e   Code   RO          904    .text               mf_w.l(fepilogue.o)
    0x080003e4   0x080003e4   0x000000ba   Code   RO          906    .text               mf_w.l(depilogue.o)
    0x0800049e   0x0800049e   0x00000002   PAD
    0x080004a0   0x080004a0   0x00000024   Code   RO          908    .text               mc_w.l(init.o)
    0x080004c4   0x080004c4   0x0000001e   Code   RO          910    .text               mc_w.l(llshl.o)
    0x080004e2   0x080004e2   0x00000020   Code   RO          912    .text               mc_w.l(llushr.o)
    0x08000502   0x08000502   0x00000002   Code   RO           81    .text.BusFault_Handler  stm32g4xx_it.o
    0x08000504   0x08000504   0x00000002   Code   RO           87    .text.DebugMon_Handler  stm32g4xx_it.o
    0x08000506   0x08000506   0x00000002   PAD
    0x08000508   0x08000508   0x0000001c   Code   RO           93    .text.EXTI9_5_IRQHandler  stm32g4xx_it.o
    0x08000524   0x08000524   0x00000002   Code   RO           27    .text.Error_Handler  main.o
    0x08000526   0x08000526   0x00000002   PAD
    0x08000528   0x08000528   0x00000050   Code   RO          510    .text.FLASH_FlushCaches  stm32g4xx_hal_flash_ex.o
    0x08000578   0x08000578   0x00000018   Code   RO          506    .text.FLASH_MassErase  stm32g4xx_hal_flash_ex.o
    0x08000590   0x08000590   0x00000024   Code   RO          508    .text.FLASH_PageErase  stm32g4xx_hal_flash_ex.o
    0x080005b4   0x080005b4   0x00000028   Code   RO          473    .text.FLASH_Program_Fast  stm32g4xx_hal_flash.o
    0x080005dc   0x080005dc   0x0000004c   Code   RO          471    .text.FLASH_WaitForLastOperation  stm32g4xx_hal_flash.o
    0x08000628   0x08000628   0x00000076   Code   RO          582    .text.HAL_DMA_Abort_IT  stm32g4xx_hal_dma.o
    0x0800069e   0x0800069e   0x00000002   PAD
    0x080006a0   0x080006a0   0x00000020   Code   RO          325    .text.HAL_Delay     stm32g4xx_hal.o
    0x080006c0   0x080006c0   0x000000e0   Code   RO          504    .text.HAL_FLASHEx_Erase  stm32g4xx_hal_flash_ex.o
    0x080007a0   0x080007a0   0x00000014   Code   RO          485    .text.HAL_FLASH_Lock  stm32g4xx_hal_flash.o
    0x080007b4   0x080007b4   0x00000090   Code   RO          469    .text.HAL_FLASH_Program  stm32g4xx_hal_flash.o
    0x08000844   0x08000844   0x00000028   Code   RO          483    .text.HAL_FLASH_Unlock  stm32g4xx_hal_flash.o
    0x0800086c   0x0800086c   0x00000048   Code   RO           13    .text.HAL_GPIO_EXTI_Callback  main.o
    0x080008b4   0x080008b4   0x00000014   Code   RO          164    .text.HAL_GPIO_EXTI_IRQHandler  stm32g4xx_hal_gpio.o
    0x080008c8   0x080008c8   0x00000180   Code   RO          152    .text.HAL_GPIO_Init  stm32g4xx_hal_gpio.o
    0x08000a48   0x08000a48   0x0000000e   Code   RO          160    .text.HAL_GPIO_TogglePin  stm32g4xx_hal_gpio.o
    0x08000a56   0x08000a56   0x0000000c   Code   RO          158    .text.HAL_GPIO_WritePin  stm32g4xx_hal_gpio.o
    0x08000a62   0x08000a62   0x00000002   PAD
    0x08000a64   0x08000a64   0x00000008   Code   RO          317    .text.HAL_GetTick   stm32g4xx_hal.o
    0x08000a6c   0x08000a6c   0x00000018   Code   RO          315    .text.HAL_IncTick   stm32g4xx_hal.o
    0x08000a84   0x08000a84   0x0000001c   Code   RO          305    .text.HAL_Init      stm32g4xx_hal.o
    0x08000aa0   0x08000aa0   0x00000044   Code   RO          307    .text.HAL_InitTick  stm32g4xx_hal.o
    0x08000ae4   0x08000ae4   0x00000040   Code   RO          106    .text.HAL_MspInit   stm32g4xx_hal_msp.o
    0x08000b24   0x08000b24   0x0000001c   Code   RO          750    .text.HAL_NVIC_EnableIRQ  stm32g4xx_hal_cortex.o
    0x08000b40   0x08000b40   0x00000038   Code   RO          746    .text.HAL_NVIC_SetPriority  stm32g4xx_hal_cortex.o
    0x08000b78   0x08000b78   0x00000020   Code   RO          744    .text.HAL_NVIC_SetPriorityGrouping  stm32g4xx_hal_cortex.o
    0x08000b98   0x08000b98   0x000000b4   Code   RO          664    .text.HAL_PWREx_ControlVoltageScaling  stm32g4xx_hal_pwr_ex.o
    0x08000c4c   0x08000c4c   0x000001e8   Code   RO          389    .text.HAL_RCC_ClockConfig  stm32g4xx_hal_rcc.o
    0x08000e34   0x08000e34   0x00000068   Code   RO          391    .text.HAL_RCC_GetSysClockFreq  stm32g4xx_hal_rcc.o
    0x08000e9c   0x08000e9c   0x00000468   Code   RO          387    .text.HAL_RCC_OscConfig  stm32g4xx_hal_rcc.o
    0x08001304   0x08001304   0x00000002   Code   RO          264    .text.HAL_SPI_ErrorCallback  stm32g4xx_hal_spi.o
    0x08001306   0x08001306   0x00000002   PAD
    0x08001308   0x08001308   0x00000108   Code   RO          260    .text.HAL_SPI_IRQHandler  stm32g4xx_hal_spi.o
    0x08001410   0x08001410   0x000000a6   Code   RO          176    .text.HAL_SPI_Init  stm32g4xx_hal_spi.o
    0x080014b6   0x080014b6   0x00000002   PAD
    0x080014b8   0x080014b8   0x00000074   Code   RO           54    .text.HAL_SPI_MspInit  spi.o
    0x0800152c   0x0800152c   0x0000015e   Code   RO          188    .text.HAL_SPI_Receive  stm32g4xx_hal_spi.o
    0x0800168a   0x0800168a   0x00000002   PAD
    0x0800168c   0x0800168c   0x000000c8   Code   RO          200    .text.HAL_SPI_Receive_IT  stm32g4xx_hal_spi.o
    0x08001754   0x08001754   0x0000002c   Code   RO           11    .text.HAL_SPI_RxCpltCallback  main.o
    0x08001780   0x08001780   0x00000252   Code   RO          190    .text.HAL_SPI_TransmitReceive  stm32g4xx_hal_spi.o
    0x080019d2   0x080019d2   0x00000002   PAD
    0x080019d4   0x080019d4   0x000000d4   Code   RO          202    .text.HAL_SPI_TransmitReceive_IT  stm32g4xx_hal_spi.o
    0x08001aa8   0x08001aa8   0x00000002   Code   RO          270    .text.HAL_SPI_TxRxCpltCallback  stm32g4xx_hal_spi.o
    0x08001aaa   0x08001aaa   0x00000002   PAD
    0x08001aac   0x08001aac   0x00000028   Code   RO          758    .text.HAL_SYSTICK_Config  stm32g4xx_hal_cortex.o
    0x08001ad4   0x08001ad4   0x00000002   Code   RO           77    .text.HardFault_Handler  stm32g4xx_it.o
    0x08001ad6   0x08001ad6   0x00000002   PAD
    0x08001ad8   0x08001ad8   0x000000b0   Code   RO          806    .text.LL_TIM_Init   stm32g4xx_ll_tim.o
    0x08001b88   0x08001b88   0x00000114   Code   RO           43    .text.MX_GPIO_Init  gpio.o
    0x08001c9c   0x08001c9c   0x0000003c   Code   RO           52    .text.MX_SPI1_Init  spi.o
    0x08001cd8   0x08001cd8   0x00000090   Code   RO           67    .text.MX_TIM3_Init  tim.o
    0x08001d68   0x08001d68   0x00000002   Code   RO           79    .text.MemManage_Handler  stm32g4xx_it.o
    0x08001d6a   0x08001d6a   0x00000002   Code   RO           75    .text.NMI_Handler   stm32g4xx_it.o
    0x08001d6c   0x08001d6c   0x00000002   Code   RO           89    .text.PendSV_Handler  stm32g4xx_it.o
    0x08001d6e   0x08001d6e   0x00000002   PAD
    0x08001d70   0x08001d70   0x0000000c   Code   RO           97    .text.SPI1_IRQHandler  stm32g4xx_it.o
    0x08001d7c   0x08001d7c   0x0000002e   Code   RO          208    .text.SPI_2linesRxISR_16BIT  stm32g4xx_hal_spi.o
    0x08001daa   0x08001daa   0x00000060   Code   RO          212    .text.SPI_2linesRxISR_8BIT  stm32g4xx_hal_spi.o
    0x08001e0a   0x08001e0a   0x0000002a   Code   RO          210    .text.SPI_2linesTxISR_16BIT  stm32g4xx_hal_spi.o
    0x08001e34   0x08001e34   0x00000048   Code   RO          214    .text.SPI_2linesTxISR_8BIT  stm32g4xx_hal_spi.o
    0x08001e7c   0x08001e7c   0x00000056   Code   RO          282    .text.SPI_CloseRxTx_ISR  stm32g4xx_hal_spi.o
    0x08001ed2   0x08001ed2   0x00000040   Code   RO          284    .text.SPI_CloseRx_ISR  stm32g4xx_hal_spi.o
    0x08001f12   0x08001f12   0x0000000e   Code   RO          262    .text.SPI_DMAAbortOnError  stm32g4xx_hal_spi.o
    0x08001f20   0x08001f20   0x0000006c   Code   RO          192    .text.SPI_EndRxTransaction  stm32g4xx_hal_spi.o
    0x08001f8c   0x08001f8c   0x00000042   Code   RO          186    .text.SPI_EndRxTxTransaction  stm32g4xx_hal_spi.o
    0x08001fce   0x08001fce   0x00000022   Code   RO          204    .text.SPI_RxISR_16BIT  stm32g4xx_hal_spi.o
    0x08001ff0   0x08001ff0   0x00000024   Code   RO          206    .text.SPI_RxISR_8BIT  stm32g4xx_hal_spi.o
    0x08002014   0x08002014   0x00000086   Code   RO          242    .text.SPI_WaitFifoStateUntilTimeout  stm32g4xx_hal_spi.o
    0x0800209a   0x0800209a   0x00000074   Code   RO          244    .text.SPI_WaitFlagStateUntilTimeout  stm32g4xx_hal_spi.o
    0x0800210e   0x0800210e   0x00000002   Code   RO           85    .text.SVC_Handler   stm32g4xx_it.o
    0x08002110   0x08002110   0x00000048   Code   RO           21    .text.SaveWheelParam  main.o
    0x08002158   0x08002158   0x00000004   Code   RO           91    .text.SysTick_Handler  stm32g4xx_it.o
    0x0800215c   0x0800215c   0x00000054   Code   RO           25    .text.SystemClock_Config  main.o
    0x080021b0   0x080021b0   0x0000001c   Code   RO          864    .text.SystemInit    system_stm32g4xx.o
    0x080021cc   0x080021cc   0x00000020   Code   RO           95    .text.TIM3_IRQHandler  stm32g4xx_it.o
    0x080021ec   0x080021ec   0x00000002   Code   RO           83    .text.UsageFault_Handler  stm32g4xx_it.o
    0x080021ee   0x080021ee   0x00000002   PAD
    0x080021f0   0x080021f0   0x00000024   Code   RO          748    .text.__NVIC_SetPriority  stm32g4xx_hal_cortex.o
    0x08002214   0x08002214   0x00000004   PAD
    0x08002218   0x08002218   0x00000028   Code   RO           15    .text.diameter      main.o
    0x08002240   0x08002240   0x00000138   Code   RO           23    .text.main          main.o
    0x08002378   0x08002378   0x0000000e   Code   RO          916    i.__scatterload_copy  mc_w.l(handlers.o)
    0x08002386   0x08002386   0x00000002   Code   RO          917    i.__scatterload_null  mc_w.l(handlers.o)
    0x08002388   0x08002388   0x0000000e   Code   RO          918    i.__scatterload_zeroinit  mc_w.l(handlers.o)
    0x08002396   0x08002396   0x00000010   Data   RO          869    .rodata.AHBPrescTable  system_stm32g4xx.o
    0x080023a6   0x080023a6   0x00000002   PAD
    0x080023a8   0x080023a8   0x00000020   Data   RO          915    Region$$Table       anon$$obj.o


    Execution Region RW_IRAM1 (Exec base: 0x20000000, Load base: 0x080023c8, Size: 0x000004b0, Max: 0x00008000, ABSOLUTE)

    Exec Addr    Load Addr    Size         Type   Attr      Idx    E Section Name        Object

    0x20000000   0x080023c8   0x00000008   Data   RW          376    .data..L_MergedGlobals  stm32g4xx_hal.o
    0x20000008   0x080023d0   0x00000004   Data   RW          868    .data.SystemCoreClock  system_stm32g4xx.o
    0x2000000c   0x080023d4   0x00000004   Data   RW           32    .data.encoderTargetCount  main.o
    0x20000010   0x080023d8   0x00000020   Data   RW          495    .data.pFlash        stm32g4xx_hal_flash.o
    0x20000030        -       0x00000018   Zero   RW           34    .bss..L_MergedGlobals  main.o
    0x20000048        -       0x00000064   Zero   RW           58    .bss.hspi1          spi.o
    0x200000ac        -       0x00000004   Zero   RW          375    .bss.uwTick         stm32g4xx_hal.o
    0x200000b0        -       0x00000400   Zero   RW            1    STACK               startup_stm32g431xx.o


==============================================================================

Image component sizes


      Code (inc. data)   RO Data    RW Data    ZI Data      Debug   Object Name

       276         16          0          0          0       4085   gpio.o
       626         52          0          4         24       8415   main.o
       176         12          0          0        100       7154   spi.o
        36          8        472          0       1024        832   startup_stm32g431xx.o
       160         12          0          8          4       8655   stm32g4xx_hal.o
       192         28          0          0          0       9992   stm32g4xx_hal_cortex.o
       118          0          0          0          0       8235   stm32g4xx_hal_dma.o
       320         24          0         32          0       6110   stm32g4xx_hal_flash.o
       364          4          0          0          0       7409   stm32g4xx_hal_flash_ex.o
       430         24          0          0          0       5295   stm32g4xx_hal_gpio.o
        64          8          0          0          0       2290   stm32g4xx_hal_msp.o
       180          8          0          0          0       8962   stm32g4xx_hal_pwr_ex.o
      1720         60          0          0          0       9276   stm32g4xx_hal_rcc.o
      2704         28          0          0          0      22063   stm32g4xx_hal_spi.o
        92          8          0          0          0       2880   stm32g4xx_it.o
       176         28          0          0          0      14237   stm32g4xx_ll_tim.o
        28          4         16          4          0       2790   system_stm32g4xx.o
       144         28          0          0          0       5973   tim.o

    ----------------------------------------------------------------------
      7834        356        522         48       1152     134653   Object Totals
         0          0         32          0          0          0   (incl. Generated)
        28          4          2          0          0          0   (incl. Padding)

    ----------------------------------------------------------------------

      Code (inc. data)   RO Data    RW Data    ZI Data      Debug   Library Member Name

         0          0          0          0          0          0   entry.o
         0          0          0          0          0          0   entry10a.o
         0          0          0          0          0          0   entry11a.o
         8          4          0          0          0          0   entry2.o
         4          0          0          0          0          0   entry5.o
         0          0          0          0          0          0   entry7b.o
         0          0          0          0          0          0   entry8b.o
         8          4          0          0          0          0   entry9a.o
        30          0          0          0          0          0   handlers.o
        36          8          0          0          0         68   init.o
         0          0          0          0          0          0   iusefp.o
        30          0          0          0          0         68   llshl.o
        32          0          0          0          0         68   llushr.o
        36          0          0          0          0        108   memseta.o
        56          0          0          0          0         88   d2f.o
       186          0          0          0          0        176   depilogue.o
       228          0          0          0          0         96   dmul.o
        38          0          0          0          0         68   f2d.o
       110          0          0          0          0        168   fepilogue.o

    ----------------------------------------------------------------------
       804         16          0          0          0        908   Library Totals
         2          0          0          0          0          0   (incl. Padding)

    ----------------------------------------------------------------------

      Code (inc. data)   RO Data    RW Data    ZI Data      Debug   Library Name

       184         16          0          0          0        312   mc_w.l
       618          0          0          0          0        596   mf_w.l

    ----------------------------------------------------------------------
       804         16          0          0          0        908   Library Totals

    ----------------------------------------------------------------------

==============================================================================


      Code (inc. data)   RO Data    RW Data    ZI Data      Debug   

      8638        372        522         48       1152     135197   Grand Totals
      8638        372        522         48       1152     135197   ELF Image Totals
      8638        372        522         48          0          0   ROM Totals

==============================================================================

    Total RO  Size (Code + RO Data)                 9160 (   8.95kB)
    Total RW  Size (RW Data + ZI Data)              1200 (   1.17kB)
    Total ROM Size (Code + RO Data + RW Data)       9208 (   8.99kB)

==============================================================================

