main.c:109:7:diameter	16	static
main.c:114:7:n_of_rot_to_photo_dist	16	static
main.c:119:5:tgt_pls_cnt	16	static
main.c:125:6:HAL_UART_RxCpltCallback	16	static
main.c:135:5:_write	24	static
main.c:147:5:__io_getchar	8	static
main.c:169:6:HAL_GPIO_EXTI_Callback	24	static
main.c:193:5:main	48	static
main.c:353:6:SystemClock_Config	88	static
main.c:400:13:MX_NVIC_Init	8	static
main.c:415:13:MX_ADC1_Init	24	static
main.c:482:13:MX_SPI1_Init	8	static
main.c:520:13:MX_TIM1_Init	32	static
main.c:568:13:MX_USART2_UART_Init	8	static
main.c:599:13:MX_DMA_Init	16	static
main.c:623:13:MX_GPIO_Init	48	static
main.c:684:6:Error_Handler	4	static
