stm32g4xx_hal_spi.c:4166:13:SPI_AbortRx_ISR	24	static
stm32g4xx_hal_spi.c:3951:26:SPI_EndRxTxTransaction.constprop	16	static
stm32g4xx_hal_spi.c:3951:26:SPI_EndRxTxTransaction	16	static
stm32g4xx_hal_spi.c:4211:13:SPI_AbortTx_ISR	24	static
stm32g4xx_hal_spi.c:505:13:HAL_SPI_MspInit	0	static
stm32g4xx_hal_spi.c:316:19:HAL_SPI_Init	32	static
stm32g4xx_hal_spi.c:521:13:HAL_SPI_MspDeInit	0	static
stm32g4xx_hal_spi.c:461:19:HAL_SPI_DeInit	8	static
stm32g4xx_hal_spi.c:793:19:HAL_SPI_Transmit	32	static
stm32g4xx_hal_spi.c:976:19:HAL_SPI_Receive	24	static
stm32g4xx_hal_spi.c:1201:19:HAL_SPI_TransmitReceive	24	static
stm32g4xx_hal_spi.c:1499:19:HAL_SPI_Transmit_IT	12	static
stm32g4xx_hal_spi.c:1582:19:HAL_SPI_Receive_IT	8	static
stm32g4xx_hal_spi.c:1687:19:HAL_SPI_TransmitReceive_IT	8	static
stm32g4xx_hal_spi.c:1796:19:HAL_SPI_Transmit_DMA	16	static
stm32g4xx_hal_spi.c:1919:19:HAL_SPI_Receive_DMA	24	static
stm32g4xx_hal_spi.c:2062:19:HAL_SPI_TransmitReceive_DMA	16	static
stm32g4xx_hal_spi.c:2254:19:HAL_SPI_Abort	32	static
stm32g4xx_hal_spi.c:2579:19:HAL_SPI_DMAPause	0	static
stm32g4xx_hal_spi.c:2599:19:HAL_SPI_DMAResume	0	static
stm32g4xx_hal_spi.c:2619:19:HAL_SPI_DMAStop	16	static
stm32g4xx_hal_spi.c:2766:13:HAL_SPI_TxCpltCallback	0	static
stm32g4xx_hal_spi.c:2782:13:HAL_SPI_RxCpltCallback	0	static
stm32g4xx_hal_spi.c:2798:13:HAL_SPI_TxRxCpltCallback	0	static
stm32g4xx_hal_spi.c:2814:13:HAL_SPI_TxHalfCpltCallback	0	static
stm32g4xx_hal_spi.c:3202:13:SPI_DMAHalfTransmitCplt	8	static
stm32g4xx_hal_spi.c:2830:13:HAL_SPI_RxHalfCpltCallback	0	static
stm32g4xx_hal_spi.c:3220:13:SPI_DMAHalfReceiveCplt	8	static
stm32g4xx_hal_spi.c:2846:13:HAL_SPI_TxRxHalfCpltCallback	0	static
stm32g4xx_hal_spi.c:3238:13:SPI_DMAHalfTransmitReceiveCplt	8	static
stm32g4xx_hal_spi.c:2862:13:HAL_SPI_ErrorCallback	0	static
stm32g4xx_hal_spi.c:3752:13:SPI_TxISR_8BIT	16	static
stm32g4xx_hal_spi.c:3667:13:SPI_RxISR_8BIT	16	static
stm32g4xx_hal_spi.c:3432:13:SPI_2linesRxISR_8BIT	8	static
stm32g4xx_hal_spi.c:3256:13:SPI_DMAError	8	static
stm32g4xx_hal_spi.c:2952:13:SPI_DMATransmitCplt	24	static
stm32g4xx_hal_spi.c:3009:13:SPI_DMAReceiveCplt	16	static
stm32g4xx_hal_spi.c:3113:13:SPI_DMATransmitReceiveCplt	16	static
stm32g4xx_hal_spi.c:2659:6:HAL_SPI_IRQHandler	32	static
stm32g4xx_hal_spi.c:3279:13:SPI_DMAAbortOnError	8	static
stm32g4xx_hal_spi.c:3719:13:SPI_RxISR_16BIT	16	static
stm32g4xx_hal_spi.c:3777:13:SPI_TxISR_16BIT	16	static
stm32g4xx_hal_spi.c:3557:13:SPI_2linesRxISR_16BIT	8	static
stm32g4xx_hal_spi.c:3609:13:SPI_2linesTxISR_16BIT	8	static
stm32g4xx_hal_spi.c:3510:13:SPI_2linesTxISR_8BIT	8	static
stm32g4xx_hal_spi.c:2880:13:HAL_SPI_AbortCpltCallback	0	static
stm32g4xx_hal_spi.c:2416:19:HAL_SPI_Abort_IT	32	static
stm32g4xx_hal_spi.c:3367:13:SPI_DMARxAbortCallback	24	static
stm32g4xx_hal_spi.c:3301:13:SPI_DMATxAbortCallback	24	static
stm32g4xx_hal_spi.c:2915:22:HAL_SPI_GetState	0	static
stm32g4xx_hal_spi.c:2927:10:HAL_SPI_GetError	0	static
